{"benchmark": "2DCONV", "status": "ok", "kernels": 2, "stamped_params_planned": 2, "injected": 2, "raw_ll_deref_params": 4, "raw_ll_bodies_identical": true, "llvm_opt_changed": [], "ptx_changed": [], "sass_changed": [], "regs_changed": []}
{"benchmark": "2MM", "status": "ok", "kernels": 4, "stamped_params_planned": 6, "injected": 6, "raw_ll_deref_params": 12, "raw_ll_bodies_identical": true, "llvm_opt_changed": [], "ptx_changed": [], "sass_changed": [], "regs_changed": []}
{"benchmark": "3DCONV", "status": "ok", "kernels": 2, "stamped_params_planned": 2, "injected": 2, "raw_ll_deref_params": 4, "raw_ll_bodies_identical": true, "llvm_opt_changed": [], "ptx_changed": [], "sass_changed": [], "regs_changed": []}
{"benchmark": "3MM", "status": "ok", "kernels": 6, "stamped_params_planned": 9, "injected": 9, "raw_ll_deref_params": 18, "raw_ll_bodies_identical": true, "llvm_opt_changed": [], "ptx_changed": [], "sass_changed": [], "regs_changed": []}
{"benchmark": "ADI", "status": "ok", "kernels": 12, "stamped_params_planned": 18, "injected": 18, "raw_ll_deref_params": 36, "raw_ll_bodies_identical": true, "llvm_opt_changed": [], "ptx_changed": [], "sass_changed": [], "regs_changed": []}
{"benchmark": "ATAX", "status": "ok", "kernels": 4, "stamped_params_planned": 6, "injected": 6, "raw_ll_deref_params": 12, "raw_ll_bodies_identical": true, "llvm_opt_changed": [], "ptx_changed": [], "sass_changed": [], "regs_changed": []}
{"benchmark": "BICG", "status": "ok", "kernels": 4, "stamped_params_planned": 6, "injected": 6, "raw_ll_deref_params": 12, "raw_ll_bodies_identical": true, "llvm_opt_changed": [], "ptx_changed": [], "sass_changed": [], "regs_changed": []}
{"benchmark": "CORR", "status": "ok", "kernels": 8, "stamped_params_planned": 10, "injected": 10, "raw_ll_deref_params": 20, "raw_ll_bodies_identical": true, "llvm_opt_changed": [], "ptx_changed": [], "sass_changed": [], "regs_changed": []}
{"benchmark": "COVAR", "status": "ok", "kernels": 6, "stamped_params_planned": 6, "injected": 6, "raw_ll_deref_params": 12, "raw_ll_bodies_identical": true, "llvm_opt_changed": [], "ptx_changed": [], "sass_changed": [], "regs_changed": []}
{"benchmark": "DOITGEN", "status": "ok", "kernels": 4, "stamped_params_planned": 6, "injected": 6, "raw_ll_deref_params": 12, "raw_ll_bodies_identical": true, "llvm_opt_changed": [], "ptx_changed": [], "sass_changed": [], "regs_changed": []}
{"benchmark": "FDTD-2D", "status": "ok", "kernels": 6, "stamped_params_planned": 10, "injected": 10, "raw_ll_deref_params": 20, "raw_ll_bodies_identical": true, "llvm_opt_changed": [], "ptx_changed": [], "sass_changed": [], "regs_changed": []}
{"benchmark": "GEMM", "status": "ok", "kernels": 2, "stamped_params_planned": 3, "injected": 3, "raw_ll_deref_params": 6, "raw_ll_bodies_identical": true, "llvm_opt_changed": [], "ptx_changed": [], "sass_changed": [], "regs_changed": []}
{"benchmark": "GEMVER", "status": "ok", "kernels": 6, "stamped_params_planned": 12, "injected": 12, "raw_ll_deref_params": 24, "raw_ll_bodies_identical": true, "llvm_opt_changed": [], "ptx_changed": [], "sass_changed": [], "regs_changed": []}
{"benchmark": "GESUMMV", "status": "ok", "kernels": 2, "stamped_params_planned": 5, "injected": 5, "raw_ll_deref_params": 10, "raw_ll_bodies_identical": true, "llvm_opt_changed": [], "ptx_changed": [], "sass_changed": [], "regs_changed": []}
{"benchmark": "GRAMSCHM", "status": "ok", "kernels": 6, "stamped_params_planned": 9, "injected": 9, "raw_ll_deref_params": 18, "raw_ll_bodies_identical": true, "llvm_opt_changed": [], "ptx_changed": [], "sass_changed": [], "regs_changed": []}
{"benchmark": "JACOBI1D", "status": "ok", "kernels": 4, "stamped_params_planned": 4, "injected": 4, "raw_ll_deref_params": 8, "raw_ll_bodies_identical": true, "llvm_opt_changed": [], "ptx_changed": [], "sass_changed": [], "regs_changed": []}
{"benchmark": "JACOBI2D", "status": "ok", "kernels": 4, "stamped_params_planned": 4, "injected": 4, "raw_ll_deref_params": 8, "raw_ll_bodies_identical": true, "llvm_opt_changed": [], "ptx_changed": [], "sass_changed": [], "regs_changed": []}
{"benchmark": "LU", "status": "ok", "kernels": 4, "stamped_params_planned": 2, "injected": 2, "raw_ll_deref_params": 4, "raw_ll_bodies_identical": true, "llvm_opt_changed": [], "ptx_changed": [], "sass_changed": [], "regs_changed": []}
{"benchmark": "MVT", "status": "ok", "kernels": 4, "stamped_params_planned": 6, "injected": 6, "raw_ll_deref_params": 12, "raw_ll_bodies_identical": true, "llvm_opt_changed": [], "ptx_changed": [], "sass_changed": [], "regs_changed": []}
{"benchmark": "SYR2K", "status": "ok", "kernels": 2, "stamped_params_planned": 3, "injected": 3, "raw_ll_deref_params": 6, "raw_ll_bodies_identical": true, "llvm_opt_changed": [], "ptx_changed": [], "sass_changed": [], "regs_changed": []}
{"benchmark": "SYRK", "status": "ok", "kernels": 2, "stamped_params_planned": 2, "injected": 2, "raw_ll_deref_params": 4, "raw_ll_bodies_identical": true, "llvm_opt_changed": [], "ptx_changed": [], "sass_changed": [], "regs_changed": []}
DONE 21 ok 21
