
	code for sm_86
		Function : _Z20convolution2D_kerneliiPfS___noalias
	.headerflags	@"EF_CUDA_TEXMODE_UNIFIED EF_CUDA_64BIT_ADDRESS EF_CUDA_SM86 EF_CUDA_VIRTUAL_SM(EF_CUDA_SM86)"
        /*0000*/                   IMAD.MOV.U32 R1, RZ, RZ, c[0x0][0x28] ;           /* 0x00000a00ff017624 */
                                                                                     /* 0x000fe400078e00ff */
        /*0010*/                   S2R R16, SR_CTAID.X ;                             /* 0x0000000000107919 */
                                                                                     /* 0x000e220000002500 */
        /*0020*/                   UMOV UR4, 0x1 ;                                   /* 0x0000000100047882 */
                                                                                     /* 0x000fe40000000000 */
        /*0030*/                   ULDC.64 UR6, c[0x0][0x160] ;                      /* 0x0000580000067ab9 */
                                                                                     /* 0x000fe20000000a00 */
        /*0040*/                   S2R R3, SR_TID.X ;                                /* 0x0000000000037919 */
                                                                                     /* 0x000e220000002100 */
        /*0050*/                   UIADD3 UR5, -UR4, UR7, URZ ;                      /* 0x0000000704057290 */
                                                                                     /* 0x000fe4000fffe13f */
        /*0060*/                   UIADD3 UR4, -UR4, UR6, URZ ;                      /* 0x0000000604047290 */
                                                                                     /* 0x000fe2000fffe13f */
        /*0070*/                   S2R R0, SR_CTAID.Y ;                              /* 0x0000000000007919 */
                                                                                     /* 0x000e680000002600 */
        /*0080*/                   S2R R5, SR_TID.Y ;                                /* 0x0000000000057919 */
                                                                                     /* 0x000e620000002200 */
        /*0090*/                   IMAD R16, R16, c[0x0][0x0], R3 ;                  /* 0x0000000010107a24 */
                                                                                     /* 0x001fca00078e0203 */
        /*00a0*/                   ISETP.GE.AND P0, PT, R16, UR5, PT ;               /* 0x0000000510007c0c */
                                                                                     /* 0x000fe2000bf06270 */
        /*00b0*/                   IMAD R0, R0, c[0x0][0x4], R5 ;                    /* 0x0000010000007a24 */
                                                                                     /* 0x002fca00078e0205 */
        /*00c0*/                   ISETP.GE.OR P0, PT, R0, UR4, P0 ;                 /* 0x0000000400007c0c */
                                                                                     /* 0x000fc80008706670 */
        /*00d0*/                   ISETP.EQ.U32.OR P0, PT, R0, RZ, P0 ;              /* 0x000000ff0000720c */
                                                                                     /* 0x000fc80000702470 */
        /*00e0*/                   ISETP.LT.OR P0, PT, R16, 0x1, P0 ;                /* 0x000000011000780c */
                                                                                     /* 0x000fda0000701670 */
        /*00f0*/               @P0 EXIT ;                                            /* 0x000000000000094d */
                                                                                     /* 0x000fea0003800000 */
        /*0100*/                   SHF.L.U32 R5, R0, 0xc, RZ ;                       /* 0x0000000c00057819 */
                                                                                     /* 0x000fe200000006ff */
        /*0110*/                   ULDC.64 UR4, c[0x0][0x118] ;                      /* 0x0000460000047ab9 */
                                                                                     /* 0x000fe20000000a00 */
        /*0120*/                   MOV R0, 0x4 ;                                     /* 0x0000000400007802 */
                                                                                     /* 0x000fe40000000f00 */
        /*0130*/                   IADD3 R3, R5, -0x1000, RZ ;                       /* 0xfffff00005037810 */
                                                                                     /* 0x000fca0007ffe0ff */
        /*0140*/                   IMAD.IADD R17, R16.reuse, 0x1, R3 ;               /* 0x0000000110117824 */
                                                                                     /* 0x040fe200078e0203 */
        /*0150*/                   IADD3 R3, P0, R16, R3, RZ ;                       /* 0x0000000310037210 */
                                                                                     /* 0x000fc60007f1e0ff */
        /*0160*/                   IMAD.WIDE.U32 R8, R17.reuse, R0, c[0x0][0x168] ;  /* 0x00005a0011087625 */
                                                                                     /* 0x040fe200078e0000 */
        /*0170*/                   IADD3 R7, R17, -0x1, RZ ;                         /* 0xffffffff11077810 */
                                                                                     /* 0x000fc60007ffe0ff */
        /*0180*/                   IMAD.X R2, RZ, RZ, RZ, P0 ;                       /* 0x000000ffff027224 */
                                                                                     /* 0x000fe200000e06ff */
        /*0190*/                   LEA R14, P0, R3, c[0x0][0x168], 0x2 ;             /* 0x00005a00030e7a11 */
                                                                                     /* 0x000fe200078010ff */
        /*01a0*/                   IMAD.WIDE.U32 R6, R7, R0.reuse, c[0x0][0x168] ;   /* 0x00005a0007067625 */
                                                                                     /* 0x080fe200078e0000 */
        /*01b0*/                   IADD3 R11, R17, 0xfff, RZ ;                       /* 0x00000fff110b7810 */
                                                                                     /* 0x000fe40007ffe0ff */
        /*01c0*/                   LEA.HI.X R15, R3, c[0x0][0x16c], R2, 0x2, P0 ;    /* 0x00005b00030f7a11 */
                                                                                     /* 0x000fe400000f1402 */
        /*01d0*/                   LDG.E.CONSTANT R2, [R8.64] ;                      /* 0x0000000408027981 */
                                                                                     /* 0x0000a2000c1e9900 */
        /*01e0*/                   IADD3 R21, P0, R16, R5, RZ ;                      /* 0x0000000510157210 */
                                                                                     /* 0x000fe20007f1e0ff */
        /*01f0*/                   IMAD.WIDE.U32 R10, R11, R0, c[0x0][0x168] ;       /* 0x00005a000b0a7625 */
                                                                                     /* 0x000fe200078e0000 */
        /*0200*/                   IADD3 R3, R17, 0x1000, RZ ;                       /* 0x0000100011037810 */
                                                                                     /* 0x000fe20007ffe0ff */
        /*0210*/                   LDG.E.CONSTANT R18, [R6.64] ;                     /* 0x0000000406127981 */
                                                                                     /* 0x0002e2000c1e9900 */
        /*0220*/                   IADD3.X R22, RZ, RZ, RZ, P0, !PT ;                /* 0x000000ffff167210 */
                                                                                     /* 0x000fc600007fe4ff */
        /*0230*/                   LDG.E.CONSTANT R20, [R14.64+0x4] ;                /* 0x000004040e147981 */
                                                                                     /* 0x000962000c1e9900 */
        /*0240*/                   LEA R4, P0, R21, c[0x0][0x168], 0x2 ;             /* 0x00005a0015047a11 */
                                                                                     /* 0x000fe200078010ff */
        /*0250*/                   IMAD.WIDE.U32 R12, R3, R0.reuse, c[0x0][0x168] ;  /* 0x00005a00030c7625 */
                                                                                     /* 0x080fe200078e0000 */
        /*0260*/                   IADD3 R19, R5, 0x1000, RZ ;                       /* 0x0000100005137810 */
                                                                                     /* 0x000fe20007ffe0ff */
        /*0270*/                   LDG.E.CONSTANT R10, [R10.64] ;                    /* 0x000000040a0a7981 */
                                                                                     /* 0x000562000c1e9900 */
        /*0280*/                   LEA.HI.X R5, R21, c[0x0][0x16c], R22, 0x2, P0 ;   /* 0x00005b0015057a11 */
                                                                                     /* 0x000fe400000f1416 */
        /*0290*/                   IADD3 R7, R17.reuse, 0x1fff, RZ ;                 /* 0x00001fff11077810 */
                                                                                     /* 0x042fe20007ffe0ff */
        /*02a0*/                   LDG.E.CONSTANT R13, [R12.64] ;                    /* 0x000000040c0d7981 */
                                                                                     /* 0x000f62000c1e9900 */
        /*02b0*/                   IADD3 R19, P0, R16, R19, RZ ;                     /* 0x0000001310137210 */
                                                                                     /* 0x000fe40007f1e0ff */
        /*02c0*/                   IADD3 R9, R17, 0x2000, RZ ;                       /* 0x0000200011097810 */
                                                                                     /* 0x001fe20007ffe0ff */
        /*02d0*/                   IMAD.WIDE.U32 R6, R7, R0.reuse, c[0x0][0x168] ;   /* 0x00005a0007067625 */
                                                                                     /* 0x080fe200078e0000 */
        /*02e0*/                   LDG.E.CONSTANT R5, [R4.64+0x4] ;                  /* 0x0000040404057981 */
                                                                                     /* 0x000f66000c1e9900 */
        /*02f0*/                   IMAD.X R16, RZ, RZ, RZ, P0 ;                      /* 0x000000ffff107224 */
                                                                                     /* 0x000fe200000e06ff */
        /*0300*/                   LEA R14, P0, R19, c[0x0][0x168], 0x2 ;            /* 0x00005a00130e7a11 */
                                                                                     /* 0x010fe200078010ff */
        /*0310*/                   IMAD.WIDE.U32 R8, R9, R0, c[0x0][0x168] ;         /* 0x00005a0009087625 */
                                                                                     /* 0x000fe200078e0000 */
        /*0320*/                   LDG.E.CONSTANT R6, [R6.64] ;                      /* 0x0000000406067981 */
                                                                                     /* 0x000f24000c1e9900 */
        /*0330*/                   LEA.HI.X R15, R19, c[0x0][0x16c], R16, 0x2, P0 ;  /* 0x00005b00130f7a11 */
                                                                                     /* 0x000fc600000f1410 */
        /*0340*/                   LDG.E.CONSTANT R8, [R8.64] ;                      /* 0x0000000408087981 */
                                                                                     /* 0x000f28000c1e9900 */
        /*0350*/                   LDG.E.CONSTANT R14, [R14.64+0x4] ;                /* 0x000004040e0e7981 */
                                                                                     /* 0x000f22000c1e9900 */
        /*0360*/                   FMUL R11, R2, 0.5 ;                               /* 0x3f000000020b7820 */
                                                                                     /* 0x004fc80000400000 */
        /*0370*/                   FFMA R11, R18, 0.20000000298023223877, R11 ;      /* 0x3e4ccccd120b7823 */
                                                                                     /* 0x008fc8000000000b */
        /*0380*/                   FFMA R11, R20, -0.80000001192092895508, R11 ;     /* 0xbf4ccccd140b7823 */
                                                                                     /* 0x020fc8000000000b */
        /*0390*/                   FFMA R10, R10, -0.30000001192092895508, R11 ;     /* 0xbe99999a0a0a7823 */
                                                                                     /* 0x000fc8000000000b */
        /*03a0*/                   FFMA R10, R13, 0.60000002384185791016, R10 ;      /* 0x3f19999a0d0a7823 */
                                                                                     /* 0x000fc8000000000a */
        /*03b0*/                   FFMA R5, R5, -0.89999997615814208984, R10 ;       /* 0xbf66666605057823 */
                                                                                     /* 0x000fc8000000000a */
        /*03c0*/                   FFMA R5, R6, 0.40000000596046447754, R5 ;         /* 0x3ecccccd06057823 */
                                                                                     /* 0x010fe20000000005 */
        /*03d0*/                   IMAD.WIDE.U32 R2, R3, R0, c[0x0][0x170] ;         /* 0x00005c0003027625 */
                                                                                     /* 0x000fc600078e0000 */
        /*03e0*/                   FFMA R5, R8, 0.69999998807907104492, R5 ;         /* 0x3f33333308057823 */
                                                                                     /* 0x000fc80000000005 */
        /*03f0*/                   FFMA R5, R14, 0.10000000149011611938, R5 ;        /* 0x3dcccccd0e057823 */
                                                                                     /* 0x000fca0000000005 */
        /*0400*/                   STG.E [R2.64], R5 ;                               /* 0x0000000502007986 */
                                                                                     /* 0x000fe2000c101904 */
        /*0410*/                   EXIT ;                                            /* 0x000000000000794d */
                                                                                     /* 0x000fea0003800000 */
        /*0420*/                   BRA 0x420;                                        /* 0xfffffff000007947 */
                                                                                     /* 0x000fc0000383ffff */
        /*0430*/                   NOP;                                              /* 0x0000000000007918 */
                                                                                     /* 0x000fc00000000000 */
        /*0440*/                   NOP;                                              /* 0x0000000000007918 */
                                                                                     /* 0x000fc00000000000 */
        /*0450*/                   NOP;                                              /* 0x0000000000007918 */
                                                                                     /* 0x000fc00000000000 */
        /*0460*/                   NOP;                                              /* 0x0000000000007918 */
                                                                                     /* 0x000fc00000000000 */
        /*0470*/                   NOP;                                              /* 0x0000000000007918 */
                                                                                     /* 0x000fc00000000000 */
        /*0480*/                   NOP;                                              /* 0x0000000000007918 */
                                                                                     /* 0x000fc00000000000 */
        /*0490*/                   NOP;                                              /* 0x0000000000007918 */
                                                                                     /* 0x000fc00000000000 */
        /*04a0*/                   NOP;                                              /* 0x0000000000007918 */
                                                                                     /* 0x000fc00000000000 */
        /*04b0*/                   NOP;                                              /* 0x0000000000007918 */
                                                                                     /* 0x000fc00000000000 */
        /*04c0*/                   NOP;                                              /* 0x0000000000007918 */
                                                                                     /* 0x000fc00000000000 */
        /*04d0*/                   NOP;                                              /* 0x0000000000007918 */
                                                                                     /* 0x000fc00000000000 */
        /*04e0*/                   NOP;                                              /* 0x0000000000007918 */
                                                                                     /* 0x000fc00000000000 */
        /*04f0*/                   NOP;                                              /* 0x0000000000007918 */
                                                                                     /* 0x000fc00000000000 */
		..........


		Function : _Z20convolution2D_kerneliiPfS_
	.headerflags	@"EF_CUDA_TEXMODE_UNIFIED EF_CUDA_64BIT_ADDRESS EF_CUDA_SM86 EF_CUDA_VIRTUAL_SM(EF_CUDA_SM86)"
        /*0000*/                   IMAD.MOV.U32 R1, RZ, RZ, c[0x0][0x28] ;           /* 0x00000a00ff017624 */
                                                                                     /* 0x000fe400078e00ff */
        /*0010*/                   S2R R16, SR_CTAID.X ;                             /* 0x0000000000107919 */
                                                                                     /* 0x000e220000002500 */
        /*0020*/                   UMOV UR4, 0x1 ;                                   /* 0x0000000100047882 */
                                                                                     /* 0x000fe40000000000 */
        /*0030*/                   ULDC.64 UR6, c[0x0][0x160] ;                      /* 0x0000580000067ab9 */
                                                                                     /* 0x000fe20000000a00 */
        /*0040*/                   S2R R3, SR_TID.X ;                                /* 0x0000000000037919 */
                                                                                     /* 0x000e220000002100 */
        /*0050*/                   UIADD3 UR5, -UR4, UR7, URZ ;                      /* 0x0000000704057290 */
                                                                                     /* 0x000fe4000fffe13f */
        /*0060*/                   UIADD3 UR4, -UR4, UR6, URZ ;                      /* 0x0000000604047290 */
                                                                                     /* 0x000fe2000fffe13f */
        /*0070*/                   S2R R0, SR_CTAID.Y ;                              /* 0x0000000000007919 */
                                                                                     /* 0x000e680000002600 */
        /*0080*/                   S2R R5, SR_TID.Y ;                                /* 0x0000000000057919 */
                                                                                     /* 0x000e620000002200 */
        /*0090*/                   IMAD R16, R16, c[0x0][0x0], R3 ;                  /* 0x0000000010107a24 */
                                                                                     /* 0x001fca00078e0203 */
        /*00a0*/                   ISETP.GE.AND P0, PT, R16, UR5, PT ;               /* 0x0000000510007c0c */
                                                                                     /* 0x000fe2000bf06270 */
        /*00b0*/                   IMAD R0, R0, c[0x0][0x4], R5 ;                    /* 0x0000010000007a24 */
                                                                                     /* 0x002fca00078e0205 */
        /*00c0*/                   ISETP.GE.OR P0, PT, R0, UR4, P0 ;                 /* 0x0000000400007c0c */
                                                                                     /* 0x000fc80008706670 */
        /*00d0*/                   ISETP.EQ.U32.OR P0, PT, R0, RZ, P0 ;              /* 0x000000ff0000720c */
                                                                                     /* 0x000fc80000702470 */
        /*00e0*/                   ISETP.LT.OR P0, PT, R16, 0x1, P0 ;                /* 0x000000011000780c */
                                                                                     /* 0x000fda0000701670 */
        /*00f0*/               @P0 EXIT ;                                            /* 0x000000000000094d */
                                                                                     /* 0x000fea0003800000 */
        /*0100*/                   SHF.L.U32 R5, R0, 0xc, RZ ;                       /* 0x0000000c00057819 */
                                                                                     /* 0x000fe200000006ff */
        /*0110*/                   ULDC.64 UR4, c[0x0][0x118] ;                      /* 0x0000460000047ab9 */
                                                                                     /* 0x000fe20000000a00 */
        /*0120*/                   MOV R0, 0x4 ;                                     /* 0x0000000400007802 */
                                                                                     /* 0x000fe40000000f00 */
        /*0130*/                   IADD3 R3, R5, -0x1000, RZ ;                       /* 0xfffff00005037810 */
                                                                                     /* 0x000fca0007ffe0ff */
        /*0140*/                   IMAD.IADD R17, R16.reuse, 0x1, R3 ;               /* 0x0000000110117824 */
                                                                                     /* 0x040fe200078e0203 */
        /*0150*/                   IADD3 R3, P0, R16, R3, RZ ;                       /* 0x0000000310037210 */
                                                                                     /* 0x000fc60007f1e0ff */
        /*0160*/                   IMAD.WIDE.U32 R8, R17.reuse, R0, c[0x0][0x168] ;  /* 0x00005a0011087625 */
                                                                                     /* 0x040fe200078e0000 */
        /*0170*/                   IADD3 R7, R17, -0x1, RZ ;                         /* 0xffffffff11077810 */
                                                                                     /* 0x000fc60007ffe0ff */
        /*0180*/                   IMAD.X R2, RZ, RZ, RZ, P0 ;                       /* 0x000000ffff027224 */
                                                                                     /* 0x000fe200000e06ff */
        /*0190*/                   LEA R14, P0, R3, c[0x0][0x168], 0x2 ;             /* 0x00005a00030e7a11 */
                                                                                     /* 0x000fe200078010ff */
        /*01a0*/                   IMAD.WIDE.U32 R6, R7, R0.reuse, c[0x0][0x168] ;   /* 0x00005a0007067625 */
                                                                                     /* 0x080fe200078e0000 */
        /*01b0*/                   IADD3 R11, R17, 0xfff, RZ ;                       /* 0x00000fff110b7810 */
                                                                                     /* 0x000fe40007ffe0ff */
        /*01c0*/                   LEA.HI.X R15, R3, c[0x0][0x16c], R2, 0x2, P0 ;    /* 0x00005b00030f7a11 */
                                                                                     /* 0x000fe400000f1402 */
        /*01d0*/                   LDG.E R2, [R8.64] ;                               /* 0x0000000408027981 */
                                                                                     /* 0x0000a2000c1e1900 */
        /*01e0*/                   IADD3 R21, P0, R16, R5, RZ ;                      /* 0x0000000510157210 */
                                                                                     /* 0x000fe20007f1e0ff */
        /*01f0*/                   IMAD.WIDE.U32 R10, R11, R0, c[0x0][0x168] ;       /* 0x00005a000b0a7625 */
                                                                                     /* 0x000fe200078e0000 */
        /*0200*/                   IADD3 R3, R17, 0x1000, RZ ;                       /* 0x0000100011037810 */
                                                                                     /* 0x000fe20007ffe0ff */
        /*0210*/                   LDG.E R18, [R6.64] ;                              /* 0x0000000406127981 */
                                                                                     /* 0x0002e2000c1e1900 */
        /*0220*/                   IADD3.X R22, RZ, RZ, RZ, P0, !PT ;                /* 0x000000ffff167210 */
                                                                                     /* 0x000fc600007fe4ff */
        /*0230*/                   LDG.E R20, [R14.64+0x4] ;                         /* 0x000004040e147981 */
                                                                                     /* 0x000962000c1e1900 */
        /*0240*/                   LEA R4, P0, R21, c[0x0][0x168], 0x2 ;             /* 0x00005a0015047a11 */
                                                                                     /* 0x000fe200078010ff */
        /*0250*/                   IMAD.WIDE.U32 R12, R3, R0.reuse, c[0x0][0x168] ;  /* 0x00005a00030c7625 */
                                                                                     /* 0x080fe200078e0000 */
        /*0260*/                   IADD3 R19, R5, 0x1000, RZ ;                       /* 0x0000100005137810 */
                                                                                     /* 0x000fe20007ffe0ff */
        /*0270*/                   LDG.E R10, [R10.64] ;                             /* 0x000000040a0a7981 */
                                                                                     /* 0x000562000c1e1900 */
        /*0280*/                   LEA.HI.X R5, R21, c[0x0][0x16c], R22, 0x2, P0 ;   /* 0x00005b0015057a11 */
                                                                                     /* 0x000fe400000f1416 */
        /*0290*/                   IADD3 R7, R17.reuse, 0x1fff, RZ ;                 /* 0x00001fff11077810 */
                                                                                     /* 0x042fe20007ffe0ff */
        /*02a0*/                   LDG.E R13, [R12.64] ;                             /* 0x000000040c0d7981 */
                                                                                     /* 0x000f62000c1e1900 */
        /*02b0*/                   IADD3 R19, P0, R16, R19, RZ ;                     /* 0x0000001310137210 */
                                                                                     /* 0x000fe40007f1e0ff */
        /*02c0*/                   IADD3 R9, R17, 0x2000, RZ ;                       /* 0x0000200011097810 */
                                                                                     /* 0x001fe20007ffe0ff */
        /*02d0*/                   IMAD.WIDE.U32 R6, R7, R0.reuse, c[0x0][0x168] ;   /* 0x00005a0007067625 */
                                                                                     /* 0x080fe200078e0000 */
        /*02e0*/                   LDG.E R5, [R4.64+0x4] ;                           /* 0x0000040404057981 */
                                                                                     /* 0x000f66000c1e1900 */
        /*02f0*/                   IMAD.X R16, RZ, RZ, RZ, P0 ;                      /* 0x000000ffff107224 */
                                                                                     /* 0x000fe200000e06ff */
        /*0300*/                   LEA R14, P0, R19, c[0x0][0x168], 0x2 ;            /* 0x00005a00130e7a11 */
                                                                                     /* 0x010fe200078010ff */
        /*0310*/                   IMAD.WIDE.U32 R8, R9, R0, c[0x0][0x168] ;         /* 0x00005a0009087625 */
                                                                                     /* 0x000fe200078e0000 */
        /*0320*/                   LDG.E R6, [R6.64] ;                               /* 0x0000000406067981 */
                                                                                     /* 0x000f24000c1e1900 */
        /*0330*/                   LEA.HI.X R15, R19, c[0x0][0x16c], R16, 0x2, P0 ;  /* 0x00005b00130f7a11 */
                                                                                     /* 0x000fc600000f1410 */
        /*0340*/                   LDG.E R8, [R8.64] ;                               /* 0x0000000408087981 */
                                                                                     /* 0x000f28000c1e1900 */
        /*0350*/                   LDG.E R14, [R14.64+0x4] ;                         /* 0x000004040e0e7981 */
                                                                                     /* 0x000f22000c1e1900 */
        /*0360*/                   FMUL R11, R2, 0.5 ;                               /* 0x3f000000020b7820 */
                                                                                     /* 0x004fc80000400000 */
        /*0370*/                   FFMA R11, R18, 0.20000000298023223877, R11 ;      /* 0x3e4ccccd120b7823 */
                                                                                     /* 0x008fc8000000000b */
        /*0380*/                   FFMA R11, R20, -0.80000001192092895508, R11 ;     /* 0xbf4ccccd140b7823 */
                                                                                     /* 0x020fc8000000000b */
        /*0390*/                   FFMA R10, R10, -0.30000001192092895508, R11 ;     /* 0xbe99999a0a0a7823 */
                                                                                     /* 0x000fc8000000000b */
        /*03a0*/                   FFMA R10, R13, 0.60000002384185791016, R10 ;      /* 0x3f19999a0d0a7823 */
                                                                                     /* 0x000fc8000000000a */
        /*03b0*/                   FFMA R5, R5, -0.89999997615814208984, R10 ;       /* 0xbf66666605057823 */
                                                                                     /* 0x000fc8000000000a */
        /*03c0*/                   FFMA R5, R6, 0.40000000596046447754, R5 ;         /* 0x3ecccccd06057823 */
                                                                                     /* 0x010fe20000000005 */
        /*03d0*/                   IMAD.WIDE.U32 R2, R3, R0, c[0x0][0x170] ;         /* 0x00005c0003027625 */
                                                                                     /* 0x000fc600078e0000 */
        /*03e0*/                   FFMA R5, R8, 0.69999998807907104492, R5 ;         /* 0x3f33333308057823 */
                                                                                     /* 0x000fc80000000005 */
        /*03f0*/                   FFMA R5, R14, 0.10000000149011611938, R5 ;        /* 0x3dcccccd0e057823 */
                                                                                     /* 0x000fca0000000005 */
        /*0400*/                   STG.E [R2.64], R5 ;                               /* 0x0000000502007986 */
                                                                                     /* 0x000fe2000c101904 */
        /*0410*/                   EXIT ;                                            /* 0x000000000000794d */
                                                                                     /* 0x000fea0003800000 */
        /*0420*/                   BRA 0x420;                                        /* 0xfffffff000007947 */
                                                                                     /* 0x000fc0000383ffff */
        /*0430*/                   NOP;                                              /* 0x0000000000007918 */
                                                                                     /* 0x000fc00000000000 */
        /*0440*/                   NOP;                                              /* 0x0000000000007918 */
                                                                                     /* 0x000fc00000000000 */
        /*0450*/                   NOP;                                              /* 0x0000000000007918 */
                                                                                     /* 0x000fc00000000000 */
        /*0460*/                   NOP;                                              /* 0x0000000000007918 */
                                                                                     /* 0x000fc00000000000 */
        /*0470*/                   NOP;                                              /* 0x0000000000007918 */
                                                                                     /* 0x000fc00000000000 */
        /*0480*/                   NOP;                                              /* 0x0000000000007918 */
                                                                                     /* 0x000fc00000000000 */
        /*0490*/                   NOP;                                              /* 0x0000000000007918 */
                                                                                     /* 0x000fc00000000000 */
        /*04a0*/                   NOP;                                              /* 0x0000000000007918 */
                                                                                     /* 0x000fc00000000000 */
        /*04b0*/                   NOP;                                              /* 0x0000000000007918 */
                                                                                     /* 0x000fc00000000000 */
        /*04c0*/                   NOP;                                              /* 0x0000000000007918 */
                                                                                     /* 0x000fc00000000000 */
        /*04d0*/                   NOP;                                              /* 0x0000000000007918 */
                                                                                     /* 0x000fc00000000000 */
        /*04e0*/                   NOP;                                              /* 0x0000000000007918 */
                                                                                     /* 0x000fc00000000000 */
        /*04f0*/                   NOP;                                              /* 0x0000000000007918 */
                                                                                     /* 0x000fc00000000000 */
		..........


