/home/ubuntu/abl/src/polybenchGpu/CUDA/GRAMSCHM/gramschmidt.cu:196:3: warning: 'cudaThreadSynchronize' is deprecated [-Wdeprecated-declarations]
  196 |                 cudaThreadSynchronize();
      |                 ^
/usr/include/cuda_runtime_api.h:1172:8: note: 'cudaThreadSynchronize' has been explicitly marked deprecated here
 1172 | extern __CUDA_DEPRECATED __host__ cudaError_t CUDARTAPI cudaThreadSynchronize(void);
      |        ^
/usr/include/cuda_runtime_api.h:280:42: note: expanded from macro '__CUDA_DEPRECATED'
  280 | #define __CUDA_DEPRECATED __attribute__((deprecated))
      |                                          ^
/home/ubuntu/abl/src/polybenchGpu/CUDA/GRAMSCHM/gramschmidt.cu:198:3: warning: 'cudaThreadSynchronize' is deprecated [-Wdeprecated-declarations]
  198 |                 cudaThreadSynchronize();
      |                 ^
/usr/include/cuda_runtime_api.h:1172:8: note: 'cudaThreadSynchronize' has been explicitly marked deprecated here
 1172 | extern __CUDA_DEPRECATED __host__ cudaError_t CUDARTAPI cudaThreadSynchronize(void);
      |        ^
/usr/include/cuda_runtime_api.h:280:42: note: expanded from macro '__CUDA_DEPRECATED'
  280 | #define __CUDA_DEPRECATED __attribute__((deprecated))
      |                                          ^
/home/ubuntu/abl/src/polybenchGpu/CUDA/GRAMSCHM/gramschmidt.cu:200:3: warning: 'cudaThreadSynchronize' is deprecated [-Wdeprecated-declarations]
  200 |                 cudaThreadSynchronize();
      |                 ^
/usr/include/cuda_runtime_api.h:1172:8: note: 'cudaThreadSynchronize' has been explicitly marked deprecated here
 1172 | extern __CUDA_DEPRECATED __host__ cudaError_t CUDARTAPI cudaThreadSynchronize(void);
      |        ^
/usr/include/cuda_runtime_api.h:280:42: note: expanded from macro '__CUDA_DEPRECATED'
  280 | #define __CUDA_DEPRECATED __attribute__((deprecated))
      |                                          ^
3 warnings generated when compiling for sm_86.
