/home/ubuntu/aa-cloning-f5bc26e1837a-20261004/corpus/CUDA/GEMVER/gemver.cu:233:2: warning: 'cudaThreadSynchronize' is deprecated [-Wdeprecated-declarations]
  233 |         cudaThreadSynchronize();
      |         ^
/usr/include/cuda_runtime_api.h:1172:8: note: 'cudaThreadSynchronize' has been explicitly marked deprecated here
 1172 | extern __CUDA_DEPRECATED __host__ cudaError_t CUDARTAPI cudaThreadSynchronize(void);
      |        ^
/usr/include/cuda_runtime_api.h:280:42: note: expanded from macro '__CUDA_DEPRECATED'
  280 | #define __CUDA_DEPRECATED __attribute__((deprecated))
      |                                          ^
/home/ubuntu/aa-cloning-f5bc26e1837a-20261004/corpus/CUDA/GEMVER/gemver.cu:235:2: warning: 'cudaThreadSynchronize' is deprecated [-Wdeprecated-declarations]
  235 |         cudaThreadSynchronize();
      |         ^
/usr/include/cuda_runtime_api.h:1172:8: note: 'cudaThreadSynchronize' has been explicitly marked deprecated here
 1172 | extern __CUDA_DEPRECATED __host__ cudaError_t CUDARTAPI cudaThreadSynchronize(void);
      |        ^
/usr/include/cuda_runtime_api.h:280:42: note: expanded from macro '__CUDA_DEPRECATED'
  280 | #define __CUDA_DEPRECATED __attribute__((deprecated))
      |                                          ^
/home/ubuntu/aa-cloning-f5bc26e1837a-20261004/corpus/CUDA/GEMVER/gemver.cu:237:2: warning: 'cudaThreadSynchronize' is deprecated [-Wdeprecated-declarations]
  237 |         cudaThreadSynchronize();
      |         ^
/usr/include/cuda_runtime_api.h:1172:8: note: 'cudaThreadSynchronize' has been explicitly marked deprecated here
 1172 | extern __CUDA_DEPRECATED __host__ cudaError_t CUDARTAPI cudaThreadSynchronize(void);
      |        ^
/usr/include/cuda_runtime_api.h:280:42: note: expanded from macro '__CUDA_DEPRECATED'
  280 | #define __CUDA_DEPRECATED __attribute__((deprecated))
      |                                          ^
3 warnings generated when compiling for sm_86.
