/home/ubuntu/rt/src-restr/polybenchGpu/CUDA/3MM/3mm.cu:249:2: warning: 'cudaThreadSynchronize' is deprecated [-Wdeprecated-declarations]
  249 |         cudaThreadSynchronize();
      |         ^
/usr/include/cuda_runtime_api.h:1172:8: note: 'cudaThreadSynchronize' has been explicitly marked deprecated here
 1172 | extern __CUDA_DEPRECATED __host__ cudaError_t CUDARTAPI cudaThreadSynchronize(void);
      |        ^
/usr/include/cuda_runtime_api.h:280:42: note: expanded from macro '__CUDA_DEPRECATED'
  280 | #define __CUDA_DEPRECATED __attribute__((deprecated))
      |                                          ^
/home/ubuntu/rt/src-restr/polybenchGpu/CUDA/3MM/3mm.cu:251:2: warning: 'cudaThreadSynchronize' is deprecated [-Wdeprecated-declarations]
  251 |         cudaThreadSynchronize();
      |         ^
/usr/include/cuda_runtime_api.h:1172:8: note: 'cudaThreadSynchronize' has been explicitly marked deprecated here
 1172 | extern __CUDA_DEPRECATED __host__ cudaError_t CUDARTAPI cudaThreadSynchronize(void);
      |        ^
/usr/include/cuda_runtime_api.h:280:42: note: expanded from macro '__CUDA_DEPRECATED'
  280 | #define __CUDA_DEPRECATED __attribute__((deprecated))
      |                                          ^
/home/ubuntu/rt/src-restr/polybenchGpu/CUDA/3MM/3mm.cu:253:2: warning: 'cudaThreadSynchronize' is deprecated [-Wdeprecated-declarations]
  253 |         cudaThreadSynchronize();
      |         ^
/usr/include/cuda_runtime_api.h:1172:8: note: 'cudaThreadSynchronize' has been explicitly marked deprecated here
 1172 | extern __CUDA_DEPRECATED __host__ cudaError_t CUDARTAPI cudaThreadSynchronize(void);
      |        ^
/usr/include/cuda_runtime_api.h:280:42: note: expanded from macro '__CUDA_DEPRECATED'
  280 | #define __CUDA_DEPRECATED __attribute__((deprecated))
      |                                          ^
3 warnings generated when compiling for sm_86.
ptxas info    : 0 bytes gmem
ptxas info    : Compiling entry function '_ZL11mm3_kernel3iiiiiPfS_S_' for 'sm_86'
ptxas info    : Function properties for _ZL11mm3_kernel3iiiiiPfS_S_
    0 bytes stack frame, 0 bytes spill stores, 0 bytes spill loads
ptxas info    : Used 39 registers, used 0 barriers, 400 bytes cmem[0]
ptxas info    : Compile time = 7.299 ms
ptxas info    : Compiling entry function '_ZL11mm3_kernel2iiiiiPfS_S_' for 'sm_86'
ptxas info    : Function properties for _ZL11mm3_kernel2iiiiiPfS_S_
    0 bytes stack frame, 0 bytes spill stores, 0 bytes spill loads
ptxas info    : Used 39 registers, used 0 barriers, 400 bytes cmem[0]
ptxas info    : Compile time = 6.623 ms
ptxas info    : Compiling entry function '_ZL11mm3_kernel1iiiiiPfS_S_' for 'sm_86'
ptxas info    : Function properties for _ZL11mm3_kernel1iiiiiPfS_S_
    0 bytes stack frame, 0 bytes spill stores, 0 bytes spill loads
ptxas info    : Used 39 registers, used 0 barriers, 400 bytes cmem[0]
ptxas info    : Compile time = 6.289 ms
/home/ubuntu/rt/src-restr/polybenchGpu/CUDA/3MM/3mm.cu:249:2: warning: 'cudaThreadSynchronize' is deprecated [-Wdeprecated-declarations]
  249 |         cudaThreadSynchronize();
      |         ^
/usr/include/cuda_runtime_api.h:1172:8: note: 'cudaThreadSynchronize' has been explicitly marked deprecated here
 1172 | extern __CUDA_DEPRECATED __host__ cudaError_t CUDARTAPI cudaThreadSynchronize(void);
      |        ^
/usr/include/cuda_runtime_api.h:280:42: note: expanded from macro '__CUDA_DEPRECATED'
  280 | #define __CUDA_DEPRECATED __attribute__((deprecated))
      |                                          ^
/home/ubuntu/rt/src-restr/polybenchGpu/CUDA/3MM/3mm.cu:251:2: warning: 'cudaThreadSynchronize' is deprecated [-Wdeprecated-declarations]
  251 |         cudaThreadSynchronize();
      |         ^
/usr/include/cuda_runtime_api.h:1172:8: note: 'cudaThreadSynchronize' has been explicitly marked deprecated here
 1172 | extern __CUDA_DEPRECATED __host__ cudaError_t CUDARTAPI cudaThreadSynchronize(void);
      |        ^
/usr/include/cuda_runtime_api.h:280:42: note: expanded from macro '__CUDA_DEPRECATED'
  280 | #define __CUDA_DEPRECATED __attribute__((deprecated))
      |                                          ^
/home/ubuntu/rt/src-restr/polybenchGpu/CUDA/3MM/3mm.cu:253:2: warning: 'cudaThreadSynchronize' is deprecated [-Wdeprecated-declarations]
  253 |         cudaThreadSynchronize();
      |         ^
/usr/include/cuda_runtime_api.h:1172:8: note: 'cudaThreadSynchronize' has been explicitly marked deprecated here
 1172 | extern __CUDA_DEPRECATED __host__ cudaError_t CUDARTAPI cudaThreadSynchronize(void);
      |        ^
/usr/include/cuda_runtime_api.h:280:42: note: expanded from macro '__CUDA_DEPRECATED'
  280 | #define __CUDA_DEPRECATED __attribute__((deprecated))
      |                                          ^
3 warnings generated when compiling for host.
