ptxas info    : 0 bytes gmem
ptxas info    : Compiling entry function '_Z21runJacobiCUDA_kernel2iPfS___noalias' for 'sm_86'
ptxas info    : Function properties for _Z21runJacobiCUDA_kernel2iPfS___noalias
    0 bytes stack frame, 0 bytes spill stores, 0 bytes spill loads
ptxas info    : Used 8 registers, used 0 barriers, 376 bytes cmem[0]
ptxas info    : Compile time = 1.783 ms
ptxas info    : Compiling entry function '_Z21runJacobiCUDA_kernel2iPfS_' for 'sm_86'
ptxas info    : Function properties for _Z21runJacobiCUDA_kernel2iPfS_
    0 bytes stack frame, 0 bytes spill stores, 0 bytes spill loads
ptxas info    : Used 8 registers, used 0 barriers, 376 bytes cmem[0]
ptxas info    : Compile time = 1.200 ms
ptxas info    : Compiling entry function '_Z21runJacobiCUDA_kernel1iPfS___noalias' for 'sm_86'
ptxas info    : Function properties for _Z21runJacobiCUDA_kernel1iPfS___noalias
    0 bytes stack frame, 0 bytes spill stores, 0 bytes spill loads
ptxas info    : Used 18 registers, used 0 barriers, 376 bytes cmem[0]
ptxas info    : Compile time = 1.675 ms
ptxas info    : Compiling entry function '_Z21runJacobiCUDA_kernel1iPfS_' for 'sm_86'
ptxas info    : Function properties for _Z21runJacobiCUDA_kernel1iPfS_
    0 bytes stack frame, 0 bytes spill stores, 0 bytes spill loads
ptxas info    : Used 18 registers, used 0 barriers, 376 bytes cmem[0]
ptxas info    : Compile time = 1.501 ms
