/home/ubuntu/aa-cloning-f5bc26e1837a-20261004/corpus/CUDA/CORR/correlation.cu:258:2: warning: 'cudaThreadSynchronize' is deprecated [-Wdeprecated-declarations]
  258 |         cudaThreadSynchronize();
      |         ^
/usr/include/cuda_runtime_api.h:1172:8: note: 'cudaThreadSynchronize' has been explicitly marked deprecated here
 1172 | extern __CUDA_DEPRECATED __host__ cudaError_t CUDARTAPI cudaThreadSynchronize(void);
      |        ^
/usr/include/cuda_runtime_api.h:280:42: note: expanded from macro '__CUDA_DEPRECATED'
  280 | #define __CUDA_DEPRECATED __attribute__((deprecated))
      |                                          ^
/home/ubuntu/aa-cloning-f5bc26e1837a-20261004/corpus/CUDA/CORR/correlation.cu:260:2: warning: 'cudaThreadSynchronize' is deprecated [-Wdeprecated-declarations]
  260 |         cudaThreadSynchronize();
      |         ^
/usr/include/cuda_runtime_api.h:1172:8: note: 'cudaThreadSynchronize' has been explicitly marked deprecated here
 1172 | extern __CUDA_DEPRECATED __host__ cudaError_t CUDARTAPI cudaThreadSynchronize(void);
      |        ^
/usr/include/cuda_runtime_api.h:280:42: note: expanded from macro '__CUDA_DEPRECATED'
  280 | #define __CUDA_DEPRECATED __attribute__((deprecated))
      |                                          ^
/home/ubuntu/aa-cloning-f5bc26e1837a-20261004/corpus/CUDA/CORR/correlation.cu:262:2: warning: 'cudaThreadSynchronize' is deprecated [-Wdeprecated-declarations]
  262 |         cudaThreadSynchronize();
      |         ^
/usr/include/cuda_runtime_api.h:1172:8: note: 'cudaThreadSynchronize' has been explicitly marked deprecated here
 1172 | extern __CUDA_DEPRECATED __host__ cudaError_t CUDARTAPI cudaThreadSynchronize(void);
      |        ^
/usr/include/cuda_runtime_api.h:280:42: note: expanded from macro '__CUDA_DEPRECATED'
  280 | #define __CUDA_DEPRECATED __attribute__((deprecated))
      |                                          ^
/home/ubuntu/aa-cloning-f5bc26e1837a-20261004/corpus/CUDA/CORR/correlation.cu:264:2: warning: 'cudaThreadSynchronize' is deprecated [-Wdeprecated-declarations]
  264 |         cudaThreadSynchronize();
      |         ^
/usr/include/cuda_runtime_api.h:1172:8: note: 'cudaThreadSynchronize' has been explicitly marked deprecated here
 1172 | extern __CUDA_DEPRECATED __host__ cudaError_t CUDARTAPI cudaThreadSynchronize(void);
      |        ^
/usr/include/cuda_runtime_api.h:280:42: note: expanded from macro '__CUDA_DEPRECATED'
  280 | #define __CUDA_DEPRECATED __attribute__((deprecated))
      |                                          ^
4 warnings generated when compiling for sm_86.
