COMMAND: /home/ubuntu/llvm-project/build-pr25-clang-gcc11/bin/clang-24 -fclangir --gcc-install-dir=/usr/lib/gcc/x86_64-linux-gnu/11 --cuda-path=/usr/lib/cuda --cuda-gpu-arch=sm_86 -std=c++17 -O3 -DNO_CPU_REF /home/ubuntu/polybenchGpu-static/CUDA/SYRK/syrk.cu -I/home/ubuntu/polybenchGpu-static/common -I/home/ubuntu/polybenchGpu-static/CUDA/SYRK -I/home/ubuntu/polybenchGpu-static -lm -L/usr/lib/cuda/lib64 -lcudart -x none -o /home/ubuntu/logs/static/full/runtime-cuda-sm_86-j1-merge/build/CUDA_SYRK_syrk.cu.cir.sm_86

STDOUT:

STDERR:
clang-24: warning: '-x none' after last input file has no effect [-Wunused-command-line-argument]
/home/ubuntu/polybenchGpu-static/CUDA/SYRK/syrk.cu:157:2: warning: 'cudaThreadSynchronize' is deprecated [-Wdeprecated-declarations]
  157 |         cudaThreadSynchronize();
      |         ^
/usr/include/cuda_runtime_api.h:1172:8: note: 'cudaThreadSynchronize' has been explicitly marked deprecated here
 1172 | extern __CUDA_DEPRECATED __host__ cudaError_t CUDARTAPI cudaThreadSynchronize(void);
      |        ^
/usr/include/cuda_runtime_api.h:280:42: note: expanded from macro '__CUDA_DEPRECATED'
  280 | #define __CUDA_DEPRECATED __attribute__((deprecated))
      |                                          ^
1 warning generated when compiling for sm_86.
/home/ubuntu/polybenchGpu-static/CUDA/SYRK/syrk.cu:157:2: warning: 'cudaThreadSynchronize' is deprecated [-Wdeprecated-declarations]
  157 |         cudaThreadSynchronize();
      |         ^
/usr/include/cuda_runtime_api.h:1172:8: note: 'cudaThreadSynchronize' has been explicitly marked deprecated here
 1172 | extern __CUDA_DEPRECATED __host__ cudaError_t CUDARTAPI cudaThreadSynchronize(void);
      |        ^
/usr/include/cuda_runtime_api.h:280:42: note: expanded from macro '__CUDA_DEPRECATED'
  280 | #define __CUDA_DEPRECATED __attribute__((deprecated))
      |                                          ^
1 warning generated when compiling for host.
