COMMAND: /root/llvm-project/build/bin/clang-24 --gcc-install-dir=/usr/lib/gcc/x86_64-linux-gnu/13 -x hip --hip-path=/opt/rocm-7.0.2 --offload-arch=gfx942 --rocm-device-lib-path=/opt/rocm-7.0.2/core-7.14/lib/llvm/amdgcn/bitcode -D__AMDGCN_WAVEFRONT_SIZE=64 -I/root/polybenchGpu/CUDA/GRAMSCHM -std=c++17 -O3 -DNO_CPU_REF -fno-offload-uniform-block /root/polybenchGpu/HIP/GRAMSCHM/gramschmidt.hip.cpp -I/root/polybenchGpu/common -I/root/polybenchGpu/HIP/GRAMSCHM -I/root/polybenchGpu -lm -L/opt/rocm-7.0.2/lib -lamdhip64 -x none -o /root/polybench-gpu-audit/temp/fnofub/runtime-hip-gfx942-j1/build/HIP_GRAMSCHM_gramschmidt.hip.cpp.og.gfx942

STDOUT:

STDERR:
clang-24: warning: '-x none' after last input file has no effect [-Wunused-command-line-argument]
/root/polybenchGpu/HIP/GRAMSCHM/gramschmidt.hip.cpp:118:2: warning: ignoring return value of type 'hipError_t' declared with 'nodiscard' attribute [-Wunused-value]
  118 |         hipGetDeviceProperties(&deviceProp, GPU_DEVICE);
      |         ^~~~~~~~~~~~~~~~~~~~~~~~~~~~~~~~~~~~~~~~~~~~~~~
/opt/rocm-7.0.2/include/hip/hip_runtime_api.h:102:32: note: expanded from macro 'hipGetDeviceProperties'
  102 | #define hipGetDeviceProperties hipGetDevicePropertiesR0600
      |                                ^
/root/polybenchGpu/HIP/GRAMSCHM/gramschmidt.hip.cpp:120:2: warning: ignoring return value of type 'hipError_t' declared with 'nodiscard' attribute [-Wunused-value]
  120 |         hipSetDevice( GPU_DEVICE );     
      |         ^~~~~~~~~~~~~~~~~~~~~~~~~~
/root/polybenchGpu/HIP/GRAMSCHM/gramschmidt.hip.cpp:186:2: warning: ignoring return value of type 'hipError_t' declared with 'nodiscard' attribute [-Wunused-value]
  186 |         hipMalloc((void **)&A_gpu, sizeof(DATA_TYPE) * NI * NJ);
      |         ^~~~~~~~~~~~~~~~~~~~~~~~~~~~~~~~~~~~~~~~~~~~~~~~~~~~~~~
/root/polybenchGpu/HIP/GRAMSCHM/gramschmidt.hip.cpp:187:2: warning: ignoring return value of type 'hipError_t' declared with 'nodiscard' attribute [-Wunused-value]
  187 |         hipMalloc((void **)&R_gpu, sizeof(DATA_TYPE) * NJ * NJ);
      |         ^~~~~~~~~~~~~~~~~~~~~~~~~~~~~~~~~~~~~~~~~~~~~~~~~~~~~~~
/root/polybenchGpu/HIP/GRAMSCHM/gramschmidt.hip.cpp:188:2: warning: ignoring return value of type 'hipError_t' declared with 'nodiscard' attribute [-Wunused-value]
  188 |         hipMalloc((void **)&Q_gpu, sizeof(DATA_TYPE) * NI * NJ);
      |         ^~~~~~~~~~~~~~~~~~~~~~~~~~~~~~~~~~~~~~~~~~~~~~~~~~~~~~~
/root/polybenchGpu/HIP/GRAMSCHM/gramschmidt.hip.cpp:189:2: warning: ignoring return value of type 'hipError_t' declared with 'nodiscard' attribute [-Wunused-value]
  189 |         hipMemcpy(A_gpu, A, sizeof(DATA_TYPE) * NI * NJ, hipMemcpyHostToDevice);
      |         ^~~~~~~~~~~~~~~~~~~~~~~~~~~~~~~~~~~~~~~~~~~~~~~~~~~~~~~~~~~~~~~~~~~~~~~
/root/polybenchGpu/HIP/GRAMSCHM/gramschmidt.hip.cpp:197:3: warning: ignoring return value of type 'hipError_t' declared with 'nodiscard' attribute [-Wunused-value]
  197 |                 hipDeviceSynchronize();
      |                 ^~~~~~~~~~~~~~~~~~~~~~
/root/polybenchGpu/HIP/GRAMSCHM/gramschmidt.hip.cpp:199:3: warning: ignoring return value of type 'hipError_t' declared with 'nodiscard' attribute [-Wunused-value]
  199 |                 hipDeviceSynchronize();
      |                 ^~~~~~~~~~~~~~~~~~~~~~
/root/polybenchGpu/HIP/GRAMSCHM/gramschmidt.hip.cpp:201:3: warning: ignoring return value of type 'hipError_t' declared with 'nodiscard' attribute [-Wunused-value]
  201 |                 hipDeviceSynchronize();
      |                 ^~~~~~~~~~~~~~~~~~~~~~
/root/polybenchGpu/HIP/GRAMSCHM/gramschmidt.hip.cpp:207:2: warning: ignoring return value of type 'hipError_t' declared with 'nodiscard' attribute [-Wunused-value]
  207 |         hipMemcpy(A_outputFromGpu, A_gpu, sizeof(DATA_TYPE) * NI * NJ, hipMemcpyDeviceToHost);    
      |         ^~~~~~~~~~~~~~~~~~~~~~~~~~~~~~~~~~~~~~~~~~~~~~~~~~~~~~~~~~~~~~~~~~~~~~~~~~~~~~~~~~~~~
/root/polybenchGpu/HIP/GRAMSCHM/gramschmidt.hip.cpp:209:2: warning: ignoring return value of type 'hipError_t' declared with 'nodiscard' attribute [-Wunused-value]
  209 |         hipFree(A_gpu);
      |         ^~~~~~~~~~~~~~
/root/polybenchGpu/HIP/GRAMSCHM/gramschmidt.hip.cpp:210:2: warning: ignoring return value of type 'hipError_t' declared with 'nodiscard' attribute [-Wunused-value]
  210 |         hipFree(R_gpu);
      |         ^~~~~~~~~~~~~~
/root/polybenchGpu/HIP/GRAMSCHM/gramschmidt.hip.cpp:211:2: warning: ignoring return value of type 'hipError_t' declared with 'nodiscard' attribute [-Wunused-value]
  211 |         hipFree(Q_gpu);
      |         ^~~~~~~~~~~~~~
13 warnings generated when compiling for gfx942.
/root/polybenchGpu/HIP/GRAMSCHM/gramschmidt.hip.cpp:118:2: warning: ignoring return value of type 'hipError_t' declared with 'nodiscard' attribute [-Wunused-value]
  118 |         hipGetDeviceProperties(&deviceProp, GPU_DEVICE);
      |         ^~~~~~~~~~~~~~~~~~~~~~~~~~~~~~~~~~~~~~~~~~~~~~~
/opt/rocm-7.0.2/include/hip/hip_runtime_api.h:102:32: note: expanded from macro 'hipGetDeviceProperties'
  102 | #define hipGetDeviceProperties hipGetDevicePropertiesR0600
      |                                ^
/root/polybenchGpu/HIP/GRAMSCHM/gramschmidt.hip.cpp:120:2: warning: ignoring return value of type 'hipError_t' declared with 'nodiscard' attribute [-Wunused-value]
  120 |         hipSetDevice( GPU_DEVICE );     
      |         ^~~~~~~~~~~~~~~~~~~~~~~~~~
/root/polybenchGpu/HIP/GRAMSCHM/gramschmidt.hip.cpp:186:2: warning: ignoring return value of type 'hipError_t' declared with 'nodiscard' attribute [-Wunused-value]
  186 |         hipMalloc((void **)&A_gpu, sizeof(DATA_TYPE) * NI * NJ);
      |         ^~~~~~~~~~~~~~~~~~~~~~~~~~~~~~~~~~~~~~~~~~~~~~~~~~~~~~~
/root/polybenchGpu/HIP/GRAMSCHM/gramschmidt.hip.cpp:187:2: warning: ignoring return value of type 'hipError_t' declared with 'nodiscard' attribute [-Wunused-value]
  187 |         hipMalloc((void **)&R_gpu, sizeof(DATA_TYPE) * NJ * NJ);
      |         ^~~~~~~~~~~~~~~~~~~~~~~~~~~~~~~~~~~~~~~~~~~~~~~~~~~~~~~
/root/polybenchGpu/HIP/GRAMSCHM/gramschmidt.hip.cpp:188:2: warning: ignoring return value of type 'hipError_t' declared with 'nodiscard' attribute [-Wunused-value]
  188 |         hipMalloc((void **)&Q_gpu, sizeof(DATA_TYPE) * NI * NJ);
      |         ^~~~~~~~~~~~~~~~~~~~~~~~~~~~~~~~~~~~~~~~~~~~~~~~~~~~~~~
/root/polybenchGpu/HIP/GRAMSCHM/gramschmidt.hip.cpp:189:2: warning: ignoring return value of type 'hipError_t' declared with 'nodiscard' attribute [-Wunused-value]
  189 |         hipMemcpy(A_gpu, A, sizeof(DATA_TYPE) * NI * NJ, hipMemcpyHostToDevice);
      |         ^~~~~~~~~~~~~~~~~~~~~~~~~~~~~~~~~~~~~~~~~~~~~~~~~~~~~~~~~~~~~~~~~~~~~~~
/root/polybenchGpu/HIP/GRAMSCHM/gramschmidt.hip.cpp:197:3: warning: ignoring return value of type 'hipError_t' declared with 'nodiscard' attribute [-Wunused-value]
  197 |                 hipDeviceSynchronize();
      |                 ^~~~~~~~~~~~~~~~~~~~~~
/root/polybenchGpu/HIP/GRAMSCHM/gramschmidt.hip.cpp:199:3: warning: ignoring return value of type 'hipError_t' declared with 'nodiscard' attribute [-Wunused-value]
  199 |                 hipDeviceSynchronize();
      |                 ^~~~~~~~~~~~~~~~~~~~~~
/root/polybenchGpu/HIP/GRAMSCHM/gramschmidt.hip.cpp:201:3: warning: ignoring return value of type 'hipError_t' declared with 'nodiscard' attribute [-Wunused-value]
  201 |                 hipDeviceSynchronize();
      |                 ^~~~~~~~~~~~~~~~~~~~~~
/root/polybenchGpu/HIP/GRAMSCHM/gramschmidt.hip.cpp:207:2: warning: ignoring return value of type 'hipError_t' declared with 'nodiscard' attribute [-Wunused-value]
  207 |         hipMemcpy(A_outputFromGpu, A_gpu, sizeof(DATA_TYPE) * NI * NJ, hipMemcpyDeviceToHost);    
      |         ^~~~~~~~~~~~~~~~~~~~~~~~~~~~~~~~~~~~~~~~~~~~~~~~~~~~~~~~~~~~~~~~~~~~~~~~~~~~~~~~~~~~~
/root/polybenchGpu/HIP/GRAMSCHM/gramschmidt.hip.cpp:209:2: warning: ignoring return value of type 'hipError_t' declared with 'nodiscard' attribute [-Wunused-value]
  209 |         hipFree(A_gpu);
      |         ^~~~~~~~~~~~~~
/root/polybenchGpu/HIP/GRAMSCHM/gramschmidt.hip.cpp:210:2: warning: ignoring return value of type 'hipError_t' declared with 'nodiscard' attribute [-Wunused-value]
  210 |         hipFree(R_gpu);
      |         ^~~~~~~~~~~~~~
/root/polybenchGpu/HIP/GRAMSCHM/gramschmidt.hip.cpp:211:2: warning: ignoring return value of type 'hipError_t' declared with 'nodiscard' attribute [-Wunused-value]
  211 |         hipFree(Q_gpu);
      |         ^~~~~~~~~~~~~~
13 warnings generated when compiling for host.
