COMMAND: /root/llvm-project/build/bin/clang-24 --gcc-install-dir=/usr/lib/gcc/x86_64-linux-gnu/13 -x hip --hip-path=/opt/rocm-7.0.2 --offload-arch=gfx942 --rocm-device-lib-path=/opt/rocm-7.0.2/core-7.14/lib/llvm/amdgcn/bitcode -D__AMDGCN_WAVEFRONT_SIZE=64 -I/root/polybenchGpu/CUDA/COVAR -std=c++17 -O3 -DNO_CPU_REF -fno-offload-uniform-block /root/polybenchGpu/HIP/COVAR/covariance.hip.cpp -I/root/polybenchGpu/common -I/root/polybenchGpu/HIP/COVAR -I/root/polybenchGpu -lm -L/opt/rocm-7.0.2/lib -lamdhip64 -x none -o /root/polybench-gpu-audit/temp/fnofub/runtime-hip-gfx942-j1/build/HIP_COVAR_covariance.hip.cpp.og.gfx942

STDOUT:

STDERR:
clang-24: warning: '-x none' after last input file has no effect [-Wunused-command-line-argument]
/root/polybenchGpu/HIP/COVAR/covariance.hip.cpp:115:2: warning: ignoring return value of type 'hipError_t' declared with 'nodiscard' attribute [-Wunused-value]
  115 |         hipGetDeviceProperties(&deviceProp, GPU_DEVICE);
      |         ^~~~~~~~~~~~~~~~~~~~~~~~~~~~~~~~~~~~~~~~~~~~~~~
/opt/rocm-7.0.2/include/hip/hip_runtime_api.h:102:32: note: expanded from macro 'hipGetDeviceProperties'
  102 | #define hipGetDeviceProperties hipGetDevicePropertiesR0600
      |                                ^
/root/polybenchGpu/HIP/COVAR/covariance.hip.cpp:117:2: warning: ignoring return value of type 'hipError_t' declared with 'nodiscard' attribute [-Wunused-value]
  117 |         hipSetDevice( GPU_DEVICE );
      |         ^~~~~~~~~~~~~~~~~~~~~~~~~~
/root/polybenchGpu/HIP/COVAR/covariance.hip.cpp:180:2: warning: ignoring return value of type 'hipError_t' declared with 'nodiscard' attribute [-Wunused-value]
  180 |         hipMalloc((void **)&data_gpu, sizeof(DATA_TYPE) * M * N);
      |         ^~~~~~~~~~~~~~~~~~~~~~~~~~~~~~~~~~~~~~~~~~~~~~~~~~~~~~~~
/root/polybenchGpu/HIP/COVAR/covariance.hip.cpp:181:2: warning: ignoring return value of type 'hipError_t' declared with 'nodiscard' attribute [-Wunused-value]
  181 |         hipMalloc((void **)&symmat_gpu, sizeof(DATA_TYPE) * M * M);
      |         ^~~~~~~~~~~~~~~~~~~~~~~~~~~~~~~~~~~~~~~~~~~~~~~~~~~~~~~~~~
/root/polybenchGpu/HIP/COVAR/covariance.hip.cpp:182:2: warning: ignoring return value of type 'hipError_t' declared with 'nodiscard' attribute [-Wunused-value]
  182 |         hipMalloc((void **)&mean_gpu, sizeof(DATA_TYPE) * M);
      |         ^~~~~~~~~~~~~~~~~~~~~~~~~~~~~~~~~~~~~~~~~~~~~~~~~~~~
/root/polybenchGpu/HIP/COVAR/covariance.hip.cpp:183:2: warning: ignoring return value of type 'hipError_t' declared with 'nodiscard' attribute [-Wunused-value]
  183 |         hipMemcpy(data_gpu, data, sizeof(DATA_TYPE) * M * N, hipMemcpyHostToDevice);
      |         ^~~~~~~~~~~~~~~~~~~~~~~~~~~~~~~~~~~~~~~~~~~~~~~~~~~~~~~~~~~~~~~~~~~~~~~~~~~
/root/polybenchGpu/HIP/COVAR/covariance.hip.cpp:184:2: warning: ignoring return value of type 'hipError_t' declared with 'nodiscard' attribute [-Wunused-value]
  184 |         hipMemcpy(symmat_gpu, symmat, sizeof(DATA_TYPE) * M * M, hipMemcpyHostToDevice);
      |         ^~~~~~~~~~~~~~~~~~~~~~~~~~~~~~~~~~~~~~~~~~~~~~~~~~~~~~~~~~~~~~~~~~~~~~~~~~~~~~~
/root/polybenchGpu/HIP/COVAR/covariance.hip.cpp:185:2: warning: ignoring return value of type 'hipError_t' declared with 'nodiscard' attribute [-Wunused-value]
  185 |         hipMemcpy(mean_gpu, mean, sizeof(DATA_TYPE) * M, hipMemcpyHostToDevice);
      |         ^~~~~~~~~~~~~~~~~~~~~~~~~~~~~~~~~~~~~~~~~~~~~~~~~~~~~~~~~~~~~~~~~~~~~~~
/root/polybenchGpu/HIP/COVAR/covariance.hip.cpp:200:2: warning: ignoring return value of type 'hipError_t' declared with 'nodiscard' attribute [-Wunused-value]
  200 |         hipDeviceSynchronize();
      |         ^~~~~~~~~~~~~~~~~~~~~~
/root/polybenchGpu/HIP/COVAR/covariance.hip.cpp:202:2: warning: ignoring return value of type 'hipError_t' declared with 'nodiscard' attribute [-Wunused-value]
  202 |         hipDeviceSynchronize();
      |         ^~~~~~~~~~~~~~~~~~~~~~
/root/polybenchGpu/HIP/COVAR/covariance.hip.cpp:204:2: warning: ignoring return value of type 'hipError_t' declared with 'nodiscard' attribute [-Wunused-value]
  204 |         hipDeviceSynchronize();
      |         ^~~~~~~~~~~~~~~~~~~~~~
/root/polybenchGpu/HIP/COVAR/covariance.hip.cpp:211:2: warning: ignoring return value of type 'hipError_t' declared with 'nodiscard' attribute [-Wunused-value]
  211 |         hipMemcpy(symmat_outputFromGpu, symmat_gpu, sizeof(DATA_TYPE) * M * N, hipMemcpyDeviceToHost);
      |         ^~~~~~~~~~~~~~~~~~~~~~~~~~~~~~~~~~~~~~~~~~~~~~~~~~~~~~~~~~~~~~~~~~~~~~~~~~~~~~~~~~~~~~~~~~~~~
/root/polybenchGpu/HIP/COVAR/covariance.hip.cpp:213:2: warning: ignoring return value of type 'hipError_t' declared with 'nodiscard' attribute [-Wunused-value]
  213 |         hipFree(data_gpu);
      |         ^~~~~~~~~~~~~~~~~
/root/polybenchGpu/HIP/COVAR/covariance.hip.cpp:214:2: warning: ignoring return value of type 'hipError_t' declared with 'nodiscard' attribute [-Wunused-value]
  214 |         hipFree(symmat_gpu);
      |         ^~~~~~~~~~~~~~~~~~~
/root/polybenchGpu/HIP/COVAR/covariance.hip.cpp:215:2: warning: ignoring return value of type 'hipError_t' declared with 'nodiscard' attribute [-Wunused-value]
  215 |         hipFree(mean_gpu);
      |         ^~~~~~~~~~~~~~~~~
15 warnings generated when compiling for gfx942.
/root/polybenchGpu/HIP/COVAR/covariance.hip.cpp:115:2: warning: ignoring return value of type 'hipError_t' declared with 'nodiscard' attribute [-Wunused-value]
  115 |         hipGetDeviceProperties(&deviceProp, GPU_DEVICE);
      |         ^~~~~~~~~~~~~~~~~~~~~~~~~~~~~~~~~~~~~~~~~~~~~~~
/opt/rocm-7.0.2/include/hip/hip_runtime_api.h:102:32: note: expanded from macro 'hipGetDeviceProperties'
  102 | #define hipGetDeviceProperties hipGetDevicePropertiesR0600
      |                                ^
/root/polybenchGpu/HIP/COVAR/covariance.hip.cpp:117:2: warning: ignoring return value of type 'hipError_t' declared with 'nodiscard' attribute [-Wunused-value]
  117 |         hipSetDevice( GPU_DEVICE );
      |         ^~~~~~~~~~~~~~~~~~~~~~~~~~
/root/polybenchGpu/HIP/COVAR/covariance.hip.cpp:180:2: warning: ignoring return value of type 'hipError_t' declared with 'nodiscard' attribute [-Wunused-value]
  180 |         hipMalloc((void **)&data_gpu, sizeof(DATA_TYPE) * M * N);
      |         ^~~~~~~~~~~~~~~~~~~~~~~~~~~~~~~~~~~~~~~~~~~~~~~~~~~~~~~~
/root/polybenchGpu/HIP/COVAR/covariance.hip.cpp:181:2: warning: ignoring return value of type 'hipError_t' declared with 'nodiscard' attribute [-Wunused-value]
  181 |         hipMalloc((void **)&symmat_gpu, sizeof(DATA_TYPE) * M * M);
      |         ^~~~~~~~~~~~~~~~~~~~~~~~~~~~~~~~~~~~~~~~~~~~~~~~~~~~~~~~~~
/root/polybenchGpu/HIP/COVAR/covariance.hip.cpp:182:2: warning: ignoring return value of type 'hipError_t' declared with 'nodiscard' attribute [-Wunused-value]
  182 |         hipMalloc((void **)&mean_gpu, sizeof(DATA_TYPE) * M);
      |         ^~~~~~~~~~~~~~~~~~~~~~~~~~~~~~~~~~~~~~~~~~~~~~~~~~~~
/root/polybenchGpu/HIP/COVAR/covariance.hip.cpp:183:2: warning: ignoring return value of type 'hipError_t' declared with 'nodiscard' attribute [-Wunused-value]
  183 |         hipMemcpy(data_gpu, data, sizeof(DATA_TYPE) * M * N, hipMemcpyHostToDevice);
      |         ^~~~~~~~~~~~~~~~~~~~~~~~~~~~~~~~~~~~~~~~~~~~~~~~~~~~~~~~~~~~~~~~~~~~~~~~~~~
/root/polybenchGpu/HIP/COVAR/covariance.hip.cpp:184:2: warning: ignoring return value of type 'hipError_t' declared with 'nodiscard' attribute [-Wunused-value]
  184 |         hipMemcpy(symmat_gpu, symmat, sizeof(DATA_TYPE) * M * M, hipMemcpyHostToDevice);
      |         ^~~~~~~~~~~~~~~~~~~~~~~~~~~~~~~~~~~~~~~~~~~~~~~~~~~~~~~~~~~~~~~~~~~~~~~~~~~~~~~
/root/polybenchGpu/HIP/COVAR/covariance.hip.cpp:185:2: warning: ignoring return value of type 'hipError_t' declared with 'nodiscard' attribute [-Wunused-value]
  185 |         hipMemcpy(mean_gpu, mean, sizeof(DATA_TYPE) * M, hipMemcpyHostToDevice);
      |         ^~~~~~~~~~~~~~~~~~~~~~~~~~~~~~~~~~~~~~~~~~~~~~~~~~~~~~~~~~~~~~~~~~~~~~~
/root/polybenchGpu/HIP/COVAR/covariance.hip.cpp:200:2: warning: ignoring return value of type 'hipError_t' declared with 'nodiscard' attribute [-Wunused-value]
  200 |         hipDeviceSynchronize();
      |         ^~~~~~~~~~~~~~~~~~~~~~
/root/polybenchGpu/HIP/COVAR/covariance.hip.cpp:202:2: warning: ignoring return value of type 'hipError_t' declared with 'nodiscard' attribute [-Wunused-value]
  202 |         hipDeviceSynchronize();
      |         ^~~~~~~~~~~~~~~~~~~~~~
/root/polybenchGpu/HIP/COVAR/covariance.hip.cpp:204:2: warning: ignoring return value of type 'hipError_t' declared with 'nodiscard' attribute [-Wunused-value]
  204 |         hipDeviceSynchronize();
      |         ^~~~~~~~~~~~~~~~~~~~~~
/root/polybenchGpu/HIP/COVAR/covariance.hip.cpp:211:2: warning: ignoring return value of type 'hipError_t' declared with 'nodiscard' attribute [-Wunused-value]
  211 |         hipMemcpy(symmat_outputFromGpu, symmat_gpu, sizeof(DATA_TYPE) * M * N, hipMemcpyDeviceToHost);
      |         ^~~~~~~~~~~~~~~~~~~~~~~~~~~~~~~~~~~~~~~~~~~~~~~~~~~~~~~~~~~~~~~~~~~~~~~~~~~~~~~~~~~~~~~~~~~~~
/root/polybenchGpu/HIP/COVAR/covariance.hip.cpp:213:2: warning: ignoring return value of type 'hipError_t' declared with 'nodiscard' attribute [-Wunused-value]
  213 |         hipFree(data_gpu);
      |         ^~~~~~~~~~~~~~~~~
/root/polybenchGpu/HIP/COVAR/covariance.hip.cpp:214:2: warning: ignoring return value of type 'hipError_t' declared with 'nodiscard' attribute [-Wunused-value]
  214 |         hipFree(symmat_gpu);
      |         ^~~~~~~~~~~~~~~~~~~
/root/polybenchGpu/HIP/COVAR/covariance.hip.cpp:215:2: warning: ignoring return value of type 'hipError_t' declared with 'nodiscard' attribute [-Wunused-value]
  215 |         hipFree(mean_gpu);
      |         ^~~~~~~~~~~~~~~~~
15 warnings generated when compiling for host.
