ptxas info    : 0 bytes gmem
ptxas info    : Compiling entry function '_Z21runJacobiCUDA_kernel2iPfS___noalias' for 'sm_86'
ptxas info    : Function properties for _Z21runJacobiCUDA_kernel2iPfS___noalias
    0 bytes stack frame, 0 bytes spill stores, 0 bytes spill loads
ptxas info    : Used 8 registers, used 0 barriers, 376 bytes cmem[0]
ptxas info    : Compile time = 1.555 ms
ptxas info    : Compiling entry function '_Z21runJacobiCUDA_kernel2iPfS_' for 'sm_86'
ptxas info    : Function properties for _Z21runJacobiCUDA_kernel2iPfS_
    0 bytes stack frame, 0 bytes spill stores, 0 bytes spill loads
ptxas info    : Used 8 registers, used 0 barriers, 376 bytes cmem[0]
ptxas info    : Compile time = 0.950 ms
ptxas info    : Compiling entry function '_Z21runJacobiCUDA_kernel1iPfS___noalias' for 'sm_86'
ptxas info    : Function properties for _Z21runJacobiCUDA_kernel1iPfS___noalias
    0 bytes stack frame, 0 bytes spill stores, 0 bytes spill loads
ptxas info    : Used 12 registers, used 0 barriers, 376 bytes cmem[0], 8 bytes cmem[2]
ptxas info    : Compile time = 1.055 ms
ptxas info    : Compiling entry function '_Z21runJacobiCUDA_kernel1iPfS_' for 'sm_86'
ptxas info    : Function properties for _Z21runJacobiCUDA_kernel1iPfS_
    0 bytes stack frame, 0 bytes spill stores, 0 bytes spill loads
ptxas info    : Used 12 registers, used 0 barriers, 376 bytes cmem[0], 8 bytes cmem[2]
ptxas info    : Compile time = 1.029 ms
