COMMAND: /home/ubuntu/llvm-project/build-pr25-clang-gcc11/bin/clang++ -fclangir --clangir-offload-merge --gcc-install-dir=/usr/lib/gcc/x86_64-linux-gnu/11 --cuda-path=/usr/local/cuda --cuda-gpu-arch=sm_86 -std=c++17 -O3 -DNO_CPU_REF -fno-cir-infer-launch-bounds -Xcuda-ptxas -v /home/ubuntu/lb-isolated-full/build/LB-off/CUDA_DOITGEN_doitgen.cu.cir-merge.sm_86.cu -I/home/ubuntu/polybenchGpu-static/common -I/home/ubuntu/polybenchGpu-static/CUDA/DOITGEN -I/home/ubuntu/polybenchGpu-static -lm -L/usr/local/cuda/lib64 -lcudart -x none /home/ubuntu/lb-isolated-full/polybench-objects/polybench.o /home/ubuntu/lb-isolated-full/polybench-objects/polybench_shim.o -o /home/ubuntu/lb-isolated-full/build/LB-off/CUDA_DOITGEN_doitgen.cu.cir-merge.sm_86

STDOUT:

STDERR:
/home/ubuntu/lb-isolated-full/build/LB-off/CUDA_DOITGEN_doitgen.cu.cir-merge.sm_86.cu:180:3: warning: 'cudaThreadSynchronize' is deprecated [-Wdeprecated-declarations]
  180 |                 cudaThreadSynchronize();
      |                 ^
/usr/include/cuda_runtime_api.h:1172:8: note: 'cudaThreadSynchronize' has been explicitly marked deprecated here
 1172 | extern __CUDA_DEPRECATED __host__ cudaError_t CUDARTAPI cudaThreadSynchronize(void);
      |        ^
/usr/include/cuda_runtime_api.h:280:42: note: expanded from macro '__CUDA_DEPRECATED'
  280 | #define __CUDA_DEPRECATED __attribute__((deprecated))
      |                                          ^
/home/ubuntu/lb-isolated-full/build/LB-off/CUDA_DOITGEN_doitgen.cu.cir-merge.sm_86.cu:182:3: warning: 'cudaThreadSynchronize' is deprecated [-Wdeprecated-declarations]
  182 |                 cudaThreadSynchronize();
      |                 ^
/usr/include/cuda_runtime_api.h:1172:8: note: 'cudaThreadSynchronize' has been explicitly marked deprecated here
 1172 | extern __CUDA_DEPRECATED __host__ cudaError_t CUDARTAPI cudaThreadSynchronize(void);
      |        ^
/usr/include/cuda_runtime_api.h:280:42: note: expanded from macro '__CUDA_DEPRECATED'
  280 | #define __CUDA_DEPRECATED __attribute__((deprecated))
      |                                          ^
2 warnings generated when compiling for host.
/home/ubuntu/lb-isolated-full/build/LB-off/CUDA_DOITGEN_doitgen.cu.cir-merge.sm_86.cu:180:3: warning: 'cudaThreadSynchronize' is deprecated [-Wdeprecated-declarations]
  180 |                 cudaThreadSynchronize();
      |                 ^
/usr/include/cuda_runtime_api.h:1172:8: note: 'cudaThreadSynchronize' has been explicitly marked deprecated here
 1172 | extern __CUDA_DEPRECATED __host__ cudaError_t CUDARTAPI cudaThreadSynchronize(void);
      |        ^
/usr/include/cuda_runtime_api.h:280:42: note: expanded from macro '__CUDA_DEPRECATED'
  280 | #define __CUDA_DEPRECATED __attribute__((deprecated))
      |                                          ^
/home/ubuntu/lb-isolated-full/build/LB-off/CUDA_DOITGEN_doitgen.cu.cir-merge.sm_86.cu:182:3: warning: 'cudaThreadSynchronize' is deprecated [-Wdeprecated-declarations]
  182 |                 cudaThreadSynchronize();
      |                 ^
/usr/include/cuda_runtime_api.h:1172:8: note: 'cudaThreadSynchronize' has been explicitly marked deprecated here
 1172 | extern __CUDA_DEPRECATED __host__ cudaError_t CUDARTAPI cudaThreadSynchronize(void);
      |        ^
/usr/include/cuda_runtime_api.h:280:42: note: expanded from macro '__CUDA_DEPRECATED'
  280 | #define __CUDA_DEPRECATED __attribute__((deprecated))
      |                                          ^
2 warnings generated when compiling for sm_86.
ptxas info    : 0 bytes gmem
ptxas info    : Compiling entry function '_ZL15doitgen_kernel2PfS_S_i' for 'sm_86'
ptxas info    : Function properties for _ZL15doitgen_kernel2PfS_S_i
    0 bytes stack frame, 0 bytes spill stores, 0 bytes spill loads
ptxas info    : Used 10 registers, used 0 barriers, 380 bytes cmem[0]
ptxas info    : Compile time = 1.735 ms
ptxas info    : Compiling entry function '_ZL15doitgen_kernel1PfS_S_i' for 'sm_86'
ptxas info    : Function properties for _ZL15doitgen_kernel1PfS_S_i
    0 bytes stack frame, 0 bytes spill stores, 0 bytes spill loads
ptxas info    : Used 22 registers, used 0 barriers, 380 bytes cmem[0]
ptxas info    : Compile time = 6.000 ms
