COMMAND: /home/ubuntu/llvm-project/build-pr25-clang-gcc11/bin/clang++ -fclangir --clangir-offload-merge --gcc-install-dir=/usr/lib/gcc/x86_64-linux-gnu/11 --cuda-path=/usr/local/cuda --cuda-gpu-arch=sm_86 -std=c++17 -O3 -DNO_CPU_REF -fno-cir-infer-launch-bounds -Xcuda-ptxas -v /home/ubuntu/polybenchGpu-static/CUDA/ADI/adi.cu -I/home/ubuntu/polybenchGpu-static/common -I/home/ubuntu/polybenchGpu-static/CUDA/ADI -I/home/ubuntu/polybenchGpu-static -lm -L/usr/local/cuda/lib64 -lcudart -x none -o /home/ubuntu/lb-isolated-full/build/LB-off/CUDA_ADI_adi.cu.cir-merge.sm_86

STDOUT:

STDERR:
clang++: warning: '-x none' after last input file has no effect [-Wunused-command-line-argument]
/home/ubuntu/polybenchGpu-static/CUDA/ADI/adi.cu:242:3: warning: 'cudaThreadSynchronize' is deprecated [-Wdeprecated-declarations]
  242 |                 cudaThreadSynchronize();
      |                 ^
/usr/include/cuda_runtime_api.h:1172:8: note: 'cudaThreadSynchronize' has been explicitly marked deprecated here
 1172 | extern __CUDA_DEPRECATED __host__ cudaError_t CUDARTAPI cudaThreadSynchronize(void);
      |        ^
/usr/include/cuda_runtime_api.h:280:42: note: expanded from macro '__CUDA_DEPRECATED'
  280 | #define __CUDA_DEPRECATED __attribute__((deprecated))
      |                                          ^
/home/ubuntu/polybenchGpu-static/CUDA/ADI/adi.cu:244:3: warning: 'cudaThreadSynchronize' is deprecated [-Wdeprecated-declarations]
  244 |                 cudaThreadSynchronize();
      |                 ^
/usr/include/cuda_runtime_api.h:1172:8: note: 'cudaThreadSynchronize' has been explicitly marked deprecated here
 1172 | extern __CUDA_DEPRECATED __host__ cudaError_t CUDARTAPI cudaThreadSynchronize(void);
      |        ^
/usr/include/cuda_runtime_api.h:280:42: note: expanded from macro '__CUDA_DEPRECATED'
  280 | #define __CUDA_DEPRECATED __attribute__((deprecated))
      |                                          ^
/home/ubuntu/polybenchGpu-static/CUDA/ADI/adi.cu:246:3: warning: 'cudaThreadSynchronize' is deprecated [-Wdeprecated-declarations]
  246 |                 cudaThreadSynchronize();
      |                 ^
/usr/include/cuda_runtime_api.h:1172:8: note: 'cudaThreadSynchronize' has been explicitly marked deprecated here
 1172 | extern __CUDA_DEPRECATED __host__ cudaError_t CUDARTAPI cudaThreadSynchronize(void);
      |        ^
/usr/include/cuda_runtime_api.h:280:42: note: expanded from macro '__CUDA_DEPRECATED'
  280 | #define __CUDA_DEPRECATED __attribute__((deprecated))
      |                                          ^
/home/ubuntu/polybenchGpu-static/CUDA/ADI/adi.cu:251:4: warning: 'cudaThreadSynchronize' is deprecated [-Wdeprecated-declarations]
  251 |                         cudaThreadSynchronize();
      |                         ^
/usr/include/cuda_runtime_api.h:1172:8: note: 'cudaThreadSynchronize' has been explicitly marked deprecated here
 1172 | extern __CUDA_DEPRECATED __host__ cudaError_t CUDARTAPI cudaThreadSynchronize(void);
      |        ^
/usr/include/cuda_runtime_api.h:280:42: note: expanded from macro '__CUDA_DEPRECATED'
  280 | #define __CUDA_DEPRECATED __attribute__((deprecated))
      |                                          ^
/home/ubuntu/polybenchGpu-static/CUDA/ADI/adi.cu:255:3: warning: 'cudaThreadSynchronize' is deprecated [-Wdeprecated-declarations]
  255 |                 cudaThreadSynchronize();
      |                 ^
/usr/include/cuda_runtime_api.h:1172:8: note: 'cudaThreadSynchronize' has been explicitly marked deprecated here
 1172 | extern __CUDA_DEPRECATED __host__ cudaError_t CUDARTAPI cudaThreadSynchronize(void);
      |        ^
/usr/include/cuda_runtime_api.h:280:42: note: expanded from macro '__CUDA_DEPRECATED'
  280 | #define __CUDA_DEPRECATED __attribute__((deprecated))
      |                                          ^
/home/ubuntu/polybenchGpu-static/CUDA/ADI/adi.cu:260:4: warning: 'cudaThreadSynchronize' is deprecated [-Wdeprecated-declarations]
  260 |                         cudaThreadSynchronize();
      |                         ^
/usr/include/cuda_runtime_api.h:1172:8: note: 'cudaThreadSynchronize' has been explicitly marked deprecated here
 1172 | extern __CUDA_DEPRECATED __host__ cudaError_t CUDARTAPI cudaThreadSynchronize(void);
      |        ^
/usr/include/cuda_runtime_api.h:280:42: note: expanded from macro '__CUDA_DEPRECATED'
  280 | #define __CUDA_DEPRECATED __attribute__((deprecated))
      |                                          ^
6 warnings generated when compiling for host.
/home/ubuntu/polybenchGpu-static/CUDA/ADI/adi.cu:242:3: warning: 'cudaThreadSynchronize' is deprecated [-Wdeprecated-declarations]
  242 |                 cudaThreadSynchronize();
      |                 ^
/usr/include/cuda_runtime_api.h:1172:8: note: 'cudaThreadSynchronize' has been explicitly marked deprecated here
 1172 | extern __CUDA_DEPRECATED __host__ cudaError_t CUDARTAPI cudaThreadSynchronize(void);
      |        ^
/usr/include/cuda_runtime_api.h:280:42: note: expanded from macro '__CUDA_DEPRECATED'
  280 | #define __CUDA_DEPRECATED __attribute__((deprecated))
      |                                          ^
/home/ubuntu/polybenchGpu-static/CUDA/ADI/adi.cu:244:3: warning: 'cudaThreadSynchronize' is deprecated [-Wdeprecated-declarations]
  244 |                 cudaThreadSynchronize();
      |                 ^
/usr/include/cuda_runtime_api.h:1172:8: note: 'cudaThreadSynchronize' has been explicitly marked deprecated here
 1172 | extern __CUDA_DEPRECATED __host__ cudaError_t CUDARTAPI cudaThreadSynchronize(void);
      |        ^
/usr/include/cuda_runtime_api.h:280:42: note: expanded from macro '__CUDA_DEPRECATED'
  280 | #define __CUDA_DEPRECATED __attribute__((deprecated))
      |                                          ^
/home/ubuntu/polybenchGpu-static/CUDA/ADI/adi.cu:246:3: warning: 'cudaThreadSynchronize' is deprecated [-Wdeprecated-declarations]
  246 |                 cudaThreadSynchronize();
      |                 ^
/usr/include/cuda_runtime_api.h:1172:8: note: 'cudaThreadSynchronize' has been explicitly marked deprecated here
 1172 | extern __CUDA_DEPRECATED __host__ cudaError_t CUDARTAPI cudaThreadSynchronize(void);
      |        ^
/usr/include/cuda_runtime_api.h:280:42: note: expanded from macro '__CUDA_DEPRECATED'
  280 | #define __CUDA_DEPRECATED __attribute__((deprecated))
      |                                          ^
/home/ubuntu/polybenchGpu-static/CUDA/ADI/adi.cu:251:4: warning: 'cudaThreadSynchronize' is deprecated [-Wdeprecated-declarations]
  251 |                         cudaThreadSynchronize();
      |                         ^
/usr/include/cuda_runtime_api.h:1172:8: note: 'cudaThreadSynchronize' has been explicitly marked deprecated here
 1172 | extern __CUDA_DEPRECATED __host__ cudaError_t CUDARTAPI cudaThreadSynchronize(void);
      |        ^
/usr/include/cuda_runtime_api.h:280:42: note: expanded from macro '__CUDA_DEPRECATED'
  280 | #define __CUDA_DEPRECATED __attribute__((deprecated))
      |                                          ^
/home/ubuntu/polybenchGpu-static/CUDA/ADI/adi.cu:255:3: warning: 'cudaThreadSynchronize' is deprecated [-Wdeprecated-declarations]
  255 |                 cudaThreadSynchronize();
      |                 ^
/usr/include/cuda_runtime_api.h:1172:8: note: 'cudaThreadSynchronize' has been explicitly marked deprecated here
 1172 | extern __CUDA_DEPRECATED __host__ cudaError_t CUDARTAPI cudaThreadSynchronize(void);
      |        ^
/usr/include/cuda_runtime_api.h:280:42: note: expanded from macro '__CUDA_DEPRECATED'
  280 | #define __CUDA_DEPRECATED __attribute__((deprecated))
      |                                          ^
/home/ubuntu/polybenchGpu-static/CUDA/ADI/adi.cu:260:4: warning: 'cudaThreadSynchronize' is deprecated [-Wdeprecated-declarations]
  260 |                         cudaThreadSynchronize();
      |                         ^
/usr/include/cuda_runtime_api.h:1172:8: note: 'cudaThreadSynchronize' has been explicitly marked deprecated here
 1172 | extern __CUDA_DEPRECATED __host__ cudaError_t CUDARTAPI cudaThreadSynchronize(void);
      |        ^
/usr/include/cuda_runtime_api.h:280:42: note: expanded from macro '__CUDA_DEPRECATED'
  280 | #define __CUDA_DEPRECATED __attribute__((deprecated))
      |                                          ^
6 warnings generated when compiling for sm_86.
ptxas info    : 0 bytes gmem
ptxas info    : Compiling entry function '_ZL11adi_kernel6iPfS_S_i' for 'sm_86'
ptxas info    : Function properties for _ZL11adi_kernel6iPfS_S_i
    0 bytes stack frame, 0 bytes spill stores, 0 bytes spill loads
ptxas info    : Used 16 registers, used 0 barriers, 388 bytes cmem[0]
ptxas info    : Compile time = 6.219 ms
ptxas info    : Compiling entry function '_ZL11adi_kernel5iPfS_S_' for 'sm_86'
ptxas info    : Function properties for _ZL11adi_kernel5iPfS_S_
    0 bytes stack frame, 0 bytes spill stores, 0 bytes spill loads
ptxas info    : Used 16 registers, used 0 barriers, 384 bytes cmem[0]
ptxas info    : Compile time = 4.968 ms
ptxas info    : Compiling entry function '_ZL11adi_kernel4iPfS_S_i' for 'sm_86'
ptxas info    : Function properties for _ZL11adi_kernel4iPfS_S_i
    0 bytes stack frame, 0 bytes spill stores, 0 bytes spill loads
ptxas info    : Used 21 registers, used 0 barriers, 388 bytes cmem[0]
ptxas info    : Compile time = 5.707 ms
ptxas info    : Compiling entry function '_ZL11adi_kernel3iPfS_S_' for 'sm_86'
ptxas info    : Function properties for _ZL11adi_kernel3iPfS_S_
    0 bytes stack frame, 0 bytes spill stores, 0 bytes spill loads
ptxas info    : Used 23 registers, used 0 barriers, 384 bytes cmem[0]
ptxas info    : Compile time = 7.492 ms
ptxas info    : Compiling entry function '_ZL11adi_kernel2iPfS_S_' for 'sm_86'
ptxas info    : Function properties for _ZL11adi_kernel2iPfS_S_
    0 bytes stack frame, 0 bytes spill stores, 0 bytes spill loads
ptxas info    : Used 16 registers, used 0 barriers, 384 bytes cmem[0]
ptxas info    : Compile time = 4.718 ms
ptxas info    : Compiling entry function '_ZL11adi_kernel1iPfS_S_' for 'sm_86'
ptxas info    : Function properties for _ZL11adi_kernel1iPfS_S_
    0 bytes stack frame, 0 bytes spill stores, 0 bytes spill loads
ptxas info    : Used 38 registers, used 0 barriers, 384 bytes cmem[0], 8 bytes cmem[2]
ptxas info    : Compile time = 16.205 ms
