ptxas info    : 0 bytes gmem
ptxas info    : Compiling entry function '_Z11mm3_kernel3iiiiiPfS_S___noalias' for 'sm_86'
ptxas info    : Function properties for _Z11mm3_kernel3iiiiiPfS_S___noalias
    0 bytes stack frame, 0 bytes spill stores, 0 bytes spill loads
ptxas info    : Used 39 registers, used 0 barriers, 400 bytes cmem[0]
ptxas info    : Compile time = 7.125 ms
ptxas info    : Compiling entry function '_Z11mm3_kernel3iiiiiPfS_S_' for 'sm_86'
ptxas info    : Function properties for _Z11mm3_kernel3iiiiiPfS_S_
    0 bytes stack frame, 0 bytes spill stores, 0 bytes spill loads
ptxas info    : Used 26 registers, used 0 barriers, 400 bytes cmem[0]
ptxas info    : Compile time = 7.023 ms
ptxas info    : Compiling entry function '_Z11mm3_kernel2iiiiiPfS_S___noalias' for 'sm_86'
ptxas info    : Function properties for _Z11mm3_kernel2iiiiiPfS_S___noalias
    0 bytes stack frame, 0 bytes spill stores, 0 bytes spill loads
ptxas info    : Used 39 registers, used 0 barriers, 400 bytes cmem[0]
ptxas info    : Compile time = 6.169 ms
ptxas info    : Compiling entry function '_Z11mm3_kernel2iiiiiPfS_S_' for 'sm_86'
ptxas info    : Function properties for _Z11mm3_kernel2iiiiiPfS_S_
    0 bytes stack frame, 0 bytes spill stores, 0 bytes spill loads
ptxas info    : Used 26 registers, used 0 barriers, 400 bytes cmem[0]
ptxas info    : Compile time = 6.994 ms
ptxas info    : Compiling entry function '_Z11mm3_kernel1iiiiiPfS_S___noalias' for 'sm_86'
ptxas info    : Function properties for _Z11mm3_kernel1iiiiiPfS_S___noalias
    0 bytes stack frame, 0 bytes spill stores, 0 bytes spill loads
ptxas info    : Used 39 registers, used 0 barriers, 400 bytes cmem[0]
ptxas info    : Compile time = 6.182 ms
ptxas info    : Compiling entry function '_Z11mm3_kernel1iiiiiPfS_S_' for 'sm_86'
ptxas info    : Function properties for _Z11mm3_kernel1iiiiiPfS_S_
    0 bytes stack frame, 0 bytes spill stores, 0 bytes spill loads
ptxas info    : Used 26 registers, used 0 barriers, 400 bytes cmem[0]
ptxas info    : Compile time = 6.656 ms
