
	code for sm_86
		Function : _Z12syr2k_kerneliiffPfS_S___noalias
	.headerflags	@"EF_CUDA_TEXMODE_UNIFIED EF_CUDA_64BIT_ADDRESS EF_CUDA_SM86 EF_CUDA_VIRTUAL_SM(EF_CUDA_SM86)"
        /*0000*/                   MOV R1, c[0x0][0x28] ;                                /* 0x00000a0000017a02 */
                                                                                         /* 0x000fe40000000f00 */
        /*0010*/                   S2R R4, SR_CTAID.X ;                                  /* 0x0000000000047919 */
                                                                                         /* 0x000e280000002500 */
        /*0020*/                   S2R R3, SR_TID.X ;                                    /* 0x0000000000037919 */
                                                                                         /* 0x000e280000002100 */
        /*0030*/                   S2R R0, SR_CTAID.Y ;                                  /* 0x0000000000007919 */
                                                                                         /* 0x000e680000002600 */
        /*0040*/                   S2R R5, SR_TID.Y ;                                    /* 0x0000000000057919 */
                                                                                         /* 0x000e620000002200 */
        /*0050*/                   IMAD R4, R4, c[0x0][0x0], R3 ;                        /* 0x0000000004047a24 */
                                                                                         /* 0x001fca00078e0203 */
        /*0060*/                   ISETP.GT.AND P0, PT, R4, 0x3ff, PT ;                  /* 0x000003ff0400780c */
                                                                                         /* 0x000fe20003f04270 */
        /*0070*/                   IMAD R0, R0, c[0x0][0x4], R5 ;                        /* 0x0000010000007a24 */
                                                                                         /* 0x002fca00078e0205 */
        /*0080*/                   ISETP.GT.U32.OR P0, PT, R0, 0x3ff, P0 ;               /* 0x000003ff0000780c */
                                                                                         /* 0x000fda0000704470 */
        /*0090*/               @P0 EXIT ;                                                /* 0x000000000000094d */
                                                                                         /* 0x000fea0003800000 */
        /*00a0*/                   SHF.L.U32 R13, R0, 0xa, RZ ;                          /* 0x0000000a000d7819 */
                                                                                         /* 0x000fe200000006ff */
        /*00b0*/                   IMAD.MOV.U32 R7, RZ, RZ, 0x4 ;                        /* 0x00000004ff077424 */
                                                                                         /* 0x000fe200078e00ff */
        /*00c0*/                   ULDC.64 UR4, c[0x0][0x118] ;                          /* 0x0000460000047ab9 */
                                                                                         /* 0x000fe40000000a00 */
        /*00d0*/                   IADD3 R2, R4, R13, RZ ;                               /* 0x0000000d04027210 */
                                                                                         /* 0x000fca0007ffe0ff */
        /*00e0*/                   IMAD.WIDE R2, R2, R7, c[0x0][0x180] ;                 /* 0x0000600002027625 */
                                                                                         /* 0x000fca00078e0207 */
        /*00f0*/                   LDG.E R8, [R2.64] ;                                   /* 0x0000000402087981 */
                                                                                         /* 0x000ea2000c1e1900 */
        /*0100*/                   IMAD.WIDE.U32 R12, R13, 0x4, RZ ;                     /* 0x000000040d0c7825 */
                                                                                         /* 0x000fe200078e00ff */
        /*0110*/                   MOV R15, RZ ;                                         /* 0x000000ff000f7202 */
                                                                                         /* 0x000fc60000000f00 */
        /*0120*/                   IMAD.SHL.U32 R6, R4, 0x400, RZ ;                      /* 0x0000040004067824 */
                                                                                         /* 0x000fe200078e00ff */
        /*0130*/                   LOP3.LUT R10, R12, 0x4, RZ, 0xfc, !PT ;               /* 0x000000040c0a7812 */
                                                                                         /* 0x000fc600078efcff */
        /*0140*/                   IMAD.WIDE R4, R6, R7.reuse, c[0x0][0x178] ;           /* 0x00005e0006047625 */
                                                                                         /* 0x080fe200078e0207 */
        /*0150*/                   IADD3 R0, P0, R10.reuse, c[0x0][0x178], RZ ;          /* 0x00005e000a007a10 */
                                                                                         /* 0x040fe40007f1e0ff */
        /*0160*/                   IADD3 R10, P1, R10, c[0x0][0x170], RZ ;               /* 0x00005c000a0a7a10 */
                                                                                         /* 0x000fe20007f3e0ff */
        /*0170*/                   IMAD.WIDE R6, R6, R7, c[0x0][0x170] ;                 /* 0x00005c0006067625 */
                                                                                         /* 0x000fe200078e0207 */
        /*0180*/                   IADD3.X R11, R13.reuse, c[0x0][0x17c], RZ, P0, !PT ;  /* 0x00005f000d0b7a10 */
                                                                                         /* 0x040fe400007fe4ff */
        /*0190*/                   IADD3.X R12, R13, c[0x0][0x174], RZ, P1, !PT ;        /* 0x00005d000d0c7a10 */
                                                                                         /* 0x000fe20000ffe4ff */
        /*01a0*/                   IMAD.MOV.U32 R13, RZ, RZ, RZ ;                        /* 0x000000ffff0d7224 */
                                                                                         /* 0x000fe200078e00ff */
        /*01b0*/                   FMUL R23, R8, c[0x0][0x16c] ;                         /* 0x00005b0008177a20 */
                                                                                         /* 0x004fe20000400000 */
        /*01c0*/                   IADD3 R18, P2, R15.reuse, R0, RZ ;                    /* 0x000000000f127210 */
                                                                                         /* 0x040fe40007f5e0ff */
        /*01d0*/                   IADD3 R16, P1, R15, R10, RZ ;                         /* 0x0000000a0f107210 */
                                                                                         /* 0x000fc40007f3e0ff */
        /*01e0*/                   IADD3 R20, P0, R6, R15, RZ ;                          /* 0x0000000f06147210 */
                                                                                         /* 0x000fe40007f1e0ff */
        /*01f0*/                   IADD3.X R19, R13.reuse, R11, RZ, P2, !PT ;            /* 0x0000000b0d137210 */
                                                                                         /* 0x040fe200017fe4ff */
        /*0200*/                   IMAD.X R17, R13, 0x1, R12, P1 ;                       /* 0x000000010d117824 */
                                                                                         /* 0x000fe200008e060c */
        /*0210*/                   IADD3 R8, P2, R4, R15, RZ ;                           /* 0x0000000f04087210 */
                                                                                         /* 0x000fe40007f5e0ff */
        /*0220*/                   IADD3.X R21, R7, R13.reuse, RZ, P0, !PT ;             /* 0x0000000d07157210 */
                                                                                         /* 0x080fe200007fe4ff */
        /*0230*/                   LDG.E.CONSTANT R22, [R18.64+-0x4] ;                   /* 0xfffffc0412167981 */
                                                                                         /* 0x000ea2000c1e9900 */
        /*0240*/                   IADD3.X R9, R5, R13, RZ, P2, !PT ;                    /* 0x0000000d05097210 */
                                                                                         /* 0x000fc600017fe4ff */
        /*0250*/                   LDG.E.CONSTANT R26, [R18.64] ;                        /* 0x00000004121a7981 */
                                                                                         /* 0x000ee8000c1e9900 */
        /*0260*/                   LDG.E.CONSTANT R27, [R20.64] ;                        /* 0x00000004141b7981 */
                                                                                         /* 0x000f28000c1e9900 */
        /*0270*/                   LDG.E.CONSTANT R14, [R16.64+-0x4] ;                   /* 0xfffffc04100e7981 */
                                                                                         /* 0x000f68000c1e9900 */
        /*0280*/                   LDG.E.CONSTANT R31, [R20.64+0x4] ;                    /* 0x00000404141f7981 */
                                                                                         /* 0x000f68000c1e9900 */
        /*0290*/                   LDG.E.CONSTANT R24, [R16.64] ;                        /* 0x0000000410187981 */
                                                                                         /* 0x000f68000c1e9900 */
        /*02a0*/                   LDG.E.CONSTANT R25, [R8.64] ;                         /* 0x0000000408197981 */
                                                                                         /* 0x000f68000c1e9900 */
        /*02b0*/                   LDG.E.CONSTANT R29, [R8.64+0x4] ;                     /* 0x00000404081d7981 */
                                                                                         /* 0x000f62000c1e9900 */
        /*02c0*/                   IADD3 R15, P1, R15, 0x8, RZ ;                         /* 0x000000080f0f7810 */
                                                                                         /* 0x000fc80007f3e0ff */
        /*02d0*/                   ISETP.NE.U32.AND P0, PT, R15, 0x1000, PT ;            /* 0x000010000f00780c */
                                                                                         /* 0x000fe40003f05070 */
        /*02e0*/                   IADD3.X R13, RZ, R13, RZ, P1, !PT ;                   /* 0x0000000dff0d7210 */
                                                                                         /* 0x000fe20000ffe4ff */
        /*02f0*/                   FMUL R22, R22, c[0x0][0x168] ;                        /* 0x00005a0016167a20 */
                                                                                         /* 0x004fe20000400000 */
        /*0300*/                   FMUL R26, R26, c[0x0][0x168] ;                        /* 0x00005a001a1a7a20 */
                                                                                         /* 0x008fc60000400000 */
        /*0310*/                   FMUL R27, R22, R27 ;                                  /* 0x0000001b161b7220 */
                                                                                         /* 0x010fe20000400000 */
        /*0320*/                   FMUL R14, R14, c[0x0][0x168] ;                        /* 0x00005a000e0e7a20 */
                                                                                         /* 0x020fe20000400000 */
        /*0330*/                   FMUL R31, R26, R31 ;                                  /* 0x0000001f1a1f7220 */
                                                                                         /* 0x000fe20000400000 */
        /*0340*/                   FMUL R24, R24, c[0x0][0x168] ;                        /* 0x00005a0018187a20 */
                                                                                         /* 0x000fe40000400000 */
        /*0350*/                   FFMA R14, R14, R25, R27 ;                             /* 0x000000190e0e7223 */
                                                                                         /* 0x000fe4000000001b */
        /*0360*/                   FFMA R29, R24, R29, R31 ;                             /* 0x0000001d181d7223 */
                                                                                         /* 0x000fe4000000001f */
        /*0370*/                   FADD R14, R14, R23 ;                                  /* 0x000000170e0e7221 */
                                                                                         /* 0x000fc80000000000 */
        /*0380*/                   FADD R23, R14, R29 ;                                  /* 0x0000001d0e177221 */
                                                                                         /* 0x000fe20000000000 */
        /*0390*/               @P0 BRA 0x1c0 ;                                           /* 0xfffffe2000000947 */
                                                                                         /* 0x000fea000383ffff */
        /*03a0*/                   STG.E [R2.64], R23 ;                                  /* 0x0000001702007986 */
                                                                                         /* 0x000fe2000c101904 */
        /*03b0*/                   EXIT ;                                                /* 0x000000000000794d */
                                                                                         /* 0x000fea0003800000 */
        /*03c0*/                   BRA 0x3c0;                                            /* 0xfffffff000007947 */
                                                                                         /* 0x000fc0000383ffff */
        /*03d0*/                   NOP;                                                  /* 0x0000000000007918 */
                                                                                         /* 0x000fc00000000000 */
        /*03e0*/                   NOP;                                                  /* 0x0000000000007918 */
                                                                                         /* 0x000fc00000000000 */
        /*03f0*/                   NOP;                                                  /* 0x0000000000007918 */
                                                                                         /* 0x000fc00000000000 */
        /*0400*/                   NOP;                                                  /* 0x0000000000007918 */
                                                                                         /* 0x000fc00000000000 */
        /*0410*/                   NOP;                                                  /* 0x0000000000007918 */
                                                                                         /* 0x000fc00000000000 */
        /*0420*/                   NOP;                                                  /* 0x0000000000007918 */
                                                                                         /* 0x000fc00000000000 */
        /*0430*/                   NOP;                                                  /* 0x0000000000007918 */
                                                                                         /* 0x000fc00000000000 */
        /*0440*/                   NOP;                                                  /* 0x0000000000007918 */
                                                                                         /* 0x000fc00000000000 */
        /*0450*/                   NOP;                                                  /* 0x0000000000007918 */
                                                                                         /* 0x000fc00000000000 */
        /*0460*/                   NOP;                                                  /* 0x0000000000007918 */
                                                                                         /* 0x000fc00000000000 */
        /*0470*/                   NOP;                                                  /* 0x0000000000007918 */
                                                                                         /* 0x000fc00000000000 */
		..........


		Function : _Z12syr2k_kerneliiffPfS_S_
	.headerflags	@"EF_CUDA_TEXMODE_UNIFIED EF_CUDA_64BIT_ADDRESS EF_CUDA_SM86 EF_CUDA_VIRTUAL_SM(EF_CUDA_SM86)"
        /*0000*/                   MOV R1, c[0x0][0x28] ;                                /* 0x00000a0000017a02 */
                                                                                         /* 0x000fe40000000f00 */
        /*0010*/                   S2R R4, SR_CTAID.X ;                                  /* 0x0000000000047919 */
                                                                                         /* 0x000e280000002500 */
        /*0020*/                   S2R R3, SR_TID.X ;                                    /* 0x0000000000037919 */
                                                                                         /* 0x000e280000002100 */
        /*0030*/                   S2R R0, SR_CTAID.Y ;                                  /* 0x0000000000007919 */
                                                                                         /* 0x000e680000002600 */
        /*0040*/                   S2R R5, SR_TID.Y ;                                    /* 0x0000000000057919 */
                                                                                         /* 0x000e620000002200 */
        /*0050*/                   IMAD R4, R4, c[0x0][0x0], R3 ;                        /* 0x0000000004047a24 */
                                                                                         /* 0x001fca00078e0203 */
        /*0060*/                   ISETP.GT.AND P0, PT, R4, 0x3ff, PT ;                  /* 0x000003ff0400780c */
                                                                                         /* 0x000fe20003f04270 */
        /*0070*/                   IMAD R0, R0, c[0x0][0x4], R5 ;                        /* 0x0000010000007a24 */
                                                                                         /* 0x002fca00078e0205 */
        /*0080*/                   ISETP.GT.U32.OR P0, PT, R0, 0x3ff, P0 ;               /* 0x000003ff0000780c */
                                                                                         /* 0x000fda0000704470 */
        /*0090*/               @P0 EXIT ;                                                /* 0x000000000000094d */
                                                                                         /* 0x000fea0003800000 */
        /*00a0*/                   SHF.L.U32 R19, R0, 0xa, RZ ;                          /* 0x0000000a00137819 */
                                                                                         /* 0x000fe200000006ff */
        /*00b0*/                   IMAD.MOV.U32 R7, RZ, RZ, 0x4 ;                        /* 0x00000004ff077424 */
                                                                                         /* 0x000fe200078e00ff */
        /*00c0*/                   ULDC.64 UR4, c[0x0][0x118] ;                          /* 0x0000460000047ab9 */
                                                                                         /* 0x000fe40000000a00 */
        /*00d0*/                   IADD3 R2, R4, R19, RZ ;                               /* 0x0000001304027210 */
                                                                                         /* 0x000fca0007ffe0ff */
        /*00e0*/                   IMAD.WIDE R2, R2, R7, c[0x0][0x180] ;                 /* 0x0000600002027625 */
                                                                                         /* 0x000fca00078e0207 */
        /*00f0*/                   LDG.E R0, [R2.64] ;                                   /* 0x0000000402007981 */
                                                                                         /* 0x000ea2000c1e1900 */
        /*0100*/                   IMAD.WIDE.U32 R18, R19, 0x4, RZ ;                     /* 0x0000000413127825 */
                                                                                         /* 0x000fc800078e00ff */
        /*0110*/                   IMAD.SHL.U32 R6, R4, 0x400, RZ ;                      /* 0x0000040004067824 */
                                                                                         /* 0x000fe200078e00ff */
        /*0120*/                   LOP3.LUT R16, R18, 0x4, RZ, 0xfc, !PT ;               /* 0x0000000412107812 */
                                                                                         /* 0x000fe200078efcff */
        /*0130*/                   IMAD.MOV.U32 R21, RZ, RZ, RZ ;                        /* 0x000000ffff157224 */
                                                                                         /* 0x000fe400078e00ff */
        /*0140*/                   IMAD.WIDE R4, R6, R7, c[0x0][0x178] ;                 /* 0x00005e0006047625 */
                                                                                         /* 0x000fc800078e0207 */
        /*0150*/                   IMAD.WIDE R6, R6, R7, c[0x0][0x170] ;                 /* 0x00005c0006067625 */
                                                                                         /* 0x000fe200078e0207 */
        /*0160*/                   FMUL R23, R0, c[0x0][0x16c] ;                         /* 0x00005b0000177a20 */
                                                                                         /* 0x004fe20000400000 */
        /*0170*/                   IADD3 R0, P0, R16.reuse, c[0x0][0x178], RZ ;          /* 0x00005e0010007a10 */
                                                                                         /* 0x040fe40007f1e0ff */
        /*0180*/                   IADD3 R16, P1, R16, c[0x0][0x170], RZ ;               /* 0x00005c0010107a10 */
                                                                                         /* 0x000fe40007f3e0ff */
        /*0190*/                   STG.E [R2.64], R23 ;                                  /* 0x0000001702007986 */
                                                                                         /* 0x0001e2000c101904 */
        /*01a0*/                   IADD3.X R17, R19.reuse, c[0x0][0x17c], RZ, P0, !PT ;  /* 0x00005f0013117a10 */
                                                                                         /* 0x040fe400007fe4ff */
        /*01b0*/                   IADD3.X R18, R19, c[0x0][0x174], RZ, P1, !PT ;        /* 0x00005d0013127a10 */
                                                                                         /* 0x000fe40000ffe4ff */
        /*01c0*/                   MOV R19, RZ ;                                         /* 0x000000ff00137202 */
                                                                                         /* 0x000fc80000000f00 */
        /*01d0*/                   IADD3 R8, P2, R19.reuse, R0, RZ ;                     /* 0x0000000013087210 */
                                                                                         /* 0x040fe40007f5e0ff */
        /*01e0*/                   IADD3 R12, P0, R19, R16, RZ ;                         /* 0x00000010130c7210 */
                                                                                         /* 0x000fc40007f1e0ff */
        /*01f0*/                   IADD3 R14, P3, R6, R19, RZ ;                          /* 0x00000013060e7210 */
                                                                                         /* 0x000fe40007f7e0ff */
        /*0200*/                   IADD3.X R9, R21.reuse, R17, RZ, P2, !PT ;             /* 0x0000001115097210 */
                                                                                         /* 0x040fe200017fe4ff */
        /*0210*/                   IMAD.X R13, R21, 0x1, R18, P0 ;                       /* 0x00000001150d7824 */
                                                                                         /* 0x000fe200000e0612 */
        /*0220*/                   IADD3 R10, P1, R4, R19, RZ ;                          /* 0x00000013040a7210 */
                                                                                         /* 0x000fe40007f3e0ff */
        /*0230*/                   IADD3.X R15, R7, R21.reuse, RZ, P3, !PT ;             /* 0x00000015070f7210 */
                                                                                         /* 0x080fe20001ffe4ff */
        /*0240*/                   LDG.E R22, [R8.64+-0x4] ;                             /* 0xfffffc0408167981 */
                                                                                         /* 0x000ea2000c1e1900 */
        /*0250*/                   IADD3.X R11, R5, R21, RZ, P1, !PT ;                   /* 0x00000015050b7210 */
                                                                                         /* 0x000fc60000ffe4ff */
        /*0260*/                   LDG.E R20, [R12.64+-0x4] ;                            /* 0xfffffc040c147981 */
                                                                                         /* 0x000ee8000c1e1900 */
        /*0270*/                   LDG.E R27, [R14.64] ;                                 /* 0x000000040e1b7981 */
                                                                                         /* 0x000f28000c1e1900 */
        /*0280*/                   LDG.E R25, [R10.64] ;                                 /* 0x000000040a197981 */
                                                                                         /* 0x002f62000c1e1900 */
        /*0290*/                   FMUL R22, R22, c[0x0][0x168] ;                        /* 0x00005a0016167a20 */
                                                                                         /* 0x004fe20000400000 */
        /*02a0*/                   FMUL R20, R20, c[0x0][0x168] ;                        /* 0x00005a0014147a20 */
                                                                                         /* 0x008fc60000400000 */
        /*02b0*/                   FMUL R27, R22, R27 ;                                  /* 0x0000001b161b7220 */
                                                                                         /* 0x010fc80000400000 */
        /*02c0*/                   FFMA R20, R20, R25, R27 ;                             /* 0x0000001914147223 */
                                                                                         /* 0x020fc8000000001b */
        /*02d0*/                   FADD R25, R20, R23 ;                                  /* 0x0000001714197221 */
                                                                                         /* 0x000fca0000000000 */
        /*02e0*/                   STG.E [R2.64], R25 ;                                  /* 0x0000001902007986 */
                                                                                         /* 0x0003e8000c101904 */
        /*02f0*/                   LDG.E R22, [R8.64] ;                                  /* 0x0000000408167981 */
                                                                                         /* 0x000ea8000c1e1900 */
        /*0300*/                   LDG.E R20, [R12.64] ;                                 /* 0x000000040c147981 */
                                                                                         /* 0x000ee8000c1e1900 */
        /*0310*/                   LDG.E R27, [R14.64+0x4] ;                             /* 0x000004040e1b7981 */
                                                                                         /* 0x000f28000c1e1900 */
        /*0320*/                   LDG.E R23, [R10.64+0x4] ;                             /* 0x000004040a177981 */
                                                                                         /* 0x001f62000c1e1900 */
        /*0330*/                   IADD3 R19, P1, R19, 0x8, RZ ;                         /* 0x0000000813137810 */
                                                                                         /* 0x000fc80007f3e0ff */
        /*0340*/                   ISETP.NE.U32.AND P0, PT, R19, 0x1000, PT ;            /* 0x000010001300780c */
                                                                                         /* 0x000fe40003f05070 */
        /*0350*/                   IADD3.X R21, RZ, R21, RZ, P1, !PT ;                   /* 0x00000015ff157210 */
                                                                                         /* 0x000fe20000ffe4ff */
        /*0360*/                   FMUL R22, R22, c[0x0][0x168] ;                        /* 0x00005a0016167a20 */
                                                                                         /* 0x004fe20000400000 */
        /*0370*/                   FMUL R20, R20, c[0x0][0x168] ;                        /* 0x00005a0014147a20 */
                                                                                         /* 0x008fc60000400000 */
        /*0380*/                   FMUL R27, R22, R27 ;                                  /* 0x0000001b161b7220 */
                                                                                         /* 0x010fc80000400000 */
        /*0390*/                   FFMA R20, R20, R23, R27 ;                             /* 0x0000001714147223 */
                                                                                         /* 0x020fc8000000001b */
        /*03a0*/                   FADD R23, R25, R20 ;                                  /* 0x0000001419177221 */
                                                                                         /* 0x000fca0000000000 */
        /*03b0*/                   STG.E [R2.64], R23 ;                                  /* 0x0000001702007986 */
                                                                                         /* 0x0003e2000c101904 */
        /*03c0*/               @P0 BRA 0x1d0 ;                                           /* 0xfffffe0000000947 */
                                                                                         /* 0x000fea000383ffff */
        /*03d0*/                   EXIT ;                                                /* 0x000000000000794d */
                                                                                         /* 0x000fea0003800000 */
        /*03e0*/                   BRA 0x3e0;                                            /* 0xfffffff000007947 */
                                                                                         /* 0x000fc0000383ffff */
        /*03f0*/                   NOP;                                                  /* 0x0000000000007918 */
                                                                                         /* 0x000fc00000000000 */
        /*0400*/                   NOP;                                                  /* 0x0000000000007918 */
                                                                                         /* 0x000fc00000000000 */
        /*0410*/                   NOP;                                                  /* 0x0000000000007918 */
                                                                                         /* 0x000fc00000000000 */
        /*0420*/                   NOP;                                                  /* 0x0000000000007918 */
                                                                                         /* 0x000fc00000000000 */
        /*0430*/                   NOP;                                                  /* 0x0000000000007918 */
                                                                                         /* 0x000fc00000000000 */
        /*0440*/                   NOP;                                                  /* 0x0000000000007918 */
                                                                                         /* 0x000fc00000000000 */
        /*0450*/                   NOP;                                                  /* 0x0000000000007918 */
                                                                                         /* 0x000fc00000000000 */
        /*0460*/                   NOP;                                                  /* 0x0000000000007918 */
                                                                                         /* 0x000fc00000000000 */
        /*0470*/                   NOP;                                                  /* 0x0000000000007918 */
                                                                                         /* 0x000fc00000000000 */
		..........


