ptxas info    : 0 bytes gmem
ptxas info    : Compiling entry function '_Z11mvt_kernel2iPfS_S___noalias' for 'sm_86'
ptxas info    : Function properties for _Z11mvt_kernel2iPfS_S___noalias
    0 bytes stack frame, 0 bytes spill stores, 0 bytes spill loads
ptxas info    : Used 40 registers, used 0 barriers, 384 bytes cmem[0]
ptxas info    : Compile time = 6.873 ms
ptxas info    : Compiling entry function '_Z11mvt_kernel2iPfS_S_' for 'sm_86'
ptxas info    : Function properties for _Z11mvt_kernel2iPfS_S_
    0 bytes stack frame, 0 bytes spill stores, 0 bytes spill loads
ptxas info    : Used 24 registers, used 0 barriers, 384 bytes cmem[0]
ptxas info    : Compile time = 6.785 ms
ptxas info    : Compiling entry function '_Z11mvt_kernel1iPfS_S___noalias' for 'sm_86'
ptxas info    : Function properties for _Z11mvt_kernel1iPfS_S___noalias
    0 bytes stack frame, 0 bytes spill stores, 0 bytes spill loads
ptxas info    : Used 38 registers, used 0 barriers, 384 bytes cmem[0]
ptxas info    : Compile time = 6.428 ms
ptxas info    : Compiling entry function '_Z11mvt_kernel1iPfS_S_' for 'sm_86'
ptxas info    : Function properties for _Z11mvt_kernel1iPfS_S_
    0 bytes stack frame, 0 bytes spill stores, 0 bytes spill loads
ptxas info    : Used 20 registers, used 0 barriers, 384 bytes cmem[0]
ptxas info    : Compile time = 6.661 ms
