ptxas info    : 0 bytes gmem
ptxas info    : Compiling entry function '_Z17fdtd_step3_kerneliiPfS_S_i__noalias' for 'sm_86'
ptxas info    : Function properties for _Z17fdtd_step3_kerneliiPfS_S_i__noalias
    0 bytes stack frame, 0 bytes spill stores, 0 bytes spill loads
ptxas info    : Used 14 registers, used 0 barriers, 388 bytes cmem[0]
ptxas info    : Compile time = 2.009 ms
ptxas info    : Compiling entry function '_Z17fdtd_step3_kerneliiPfS_S_i' for 'sm_86'
ptxas info    : Function properties for _Z17fdtd_step3_kerneliiPfS_S_i
    0 bytes stack frame, 0 bytes spill stores, 0 bytes spill loads
ptxas info    : Used 14 registers, used 0 barriers, 388 bytes cmem[0]
ptxas info    : Compile time = 1.454 ms
ptxas info    : Compiling entry function '_Z17fdtd_step2_kerneliiPfS_S_i__noalias' for 'sm_86'
ptxas info    : Function properties for _Z17fdtd_step2_kerneliiPfS_S_i__noalias
    0 bytes stack frame, 0 bytes spill stores, 0 bytes spill loads
ptxas info    : Used 12 registers, used 0 barriers, 388 bytes cmem[0]
ptxas info    : Compile time = 1.099 ms
ptxas info    : Compiling entry function '_Z17fdtd_step2_kerneliiPfS_S_i' for 'sm_86'
ptxas info    : Function properties for _Z17fdtd_step2_kerneliiPfS_S_i
    0 bytes stack frame, 0 bytes spill stores, 0 bytes spill loads
ptxas info    : Used 12 registers, used 0 barriers, 388 bytes cmem[0]
ptxas info    : Compile time = 1.081 ms
ptxas info    : Compiling entry function '_Z17fdtd_step1_kerneliiPfS_S_S_i__noalias' for 'sm_86'
ptxas info    : Function properties for _Z17fdtd_step1_kerneliiPfS_S_S_i__noalias
    0 bytes stack frame, 0 bytes spill stores, 0 bytes spill loads
ptxas info    : Used 12 registers, used 0 barriers, 396 bytes cmem[0]
ptxas info    : Compile time = 1.326 ms
ptxas info    : Compiling entry function '_Z17fdtd_step1_kerneliiPfS_S_S_i' for 'sm_86'
ptxas info    : Function properties for _Z17fdtd_step1_kerneliiPfS_S_S_i
    0 bytes stack frame, 0 bytes spill stores, 0 bytes spill loads
ptxas info    : Used 12 registers, used 0 barriers, 396 bytes cmem[0]
ptxas info    : Compile time = 1.298 ms
