COMMAND: /root/llvm-project/build/bin/clang-24 --gcc-install-dir=/usr/lib/gcc/x86_64-linux-gnu/13 -x hip --hip-path=/opt/rocm-7.0.2 --offload-arch=gfx942 --rocm-device-lib-path=/opt/rocm-7.0.2/core-7.14/lib/llvm/amdgcn/bitcode -D__AMDGCN_WAVEFRONT_SIZE=64 -I/root/polybenchGpu/CUDA/ADI -std=c++17 -O3 -DNO_CPU_REF /root/polybenchGpu/HIP/ADI/adi.hip.cpp -I/root/polybenchGpu/common -I/root/polybenchGpu/HIP/ADI -I/root/polybenchGpu -lm -L/opt/rocm-7.0.2/lib -lamdhip64 -x none -o /root/polybench-gpu-audit/temp/runtime-hip-gfx942-j1/build/HIP_ADI_adi.hip.cpp.og.gfx942

STDOUT:

STDERR:
clang-24: warning: '-x none' after last input file has no effect [-Wunused-command-line-argument]
/root/polybenchGpu/HIP/ADI/adi.hip.cpp:138:2: warning: ignoring return value of type 'hipError_t' declared with 'nodiscard' attribute [-Wunused-value]
  138 |         hipGetDeviceProperties(&deviceProp, GPU_DEVICE);
      |         ^~~~~~~~~~~~~~~~~~~~~~~~~~~~~~~~~~~~~~~~~~~~~~~
/opt/rocm-7.0.2/include/hip/hip_runtime_api.h:102:32: note: expanded from macro 'hipGetDeviceProperties'
  102 | #define hipGetDeviceProperties hipGetDevicePropertiesR0600
      |                                ^
/root/polybenchGpu/HIP/ADI/adi.hip.cpp:140:2: warning: ignoring return value of type 'hipError_t' declared with 'nodiscard' attribute [-Wunused-value]
  140 |         hipSetDevice( GPU_DEVICE );
      |         ^~~~~~~~~~~~~~~~~~~~~~~~~~
/root/polybenchGpu/HIP/ADI/adi.hip.cpp:225:2: warning: ignoring return value of type 'hipError_t' declared with 'nodiscard' attribute [-Wunused-value]
  225 |         hipMalloc(&A_gpu, N * N * sizeof(DATA_TYPE));
      |         ^~~~~~~~~~~~~~~~~~~~~~~~~~~~~~~~~~~~~~~~~~~~
/root/polybenchGpu/HIP/ADI/adi.hip.cpp:226:2: warning: ignoring return value of type 'hipError_t' declared with 'nodiscard' attribute [-Wunused-value]
  226 |         hipMalloc(&B_gpu, N * N * sizeof(DATA_TYPE));
      |         ^~~~~~~~~~~~~~~~~~~~~~~~~~~~~~~~~~~~~~~~~~~~
/root/polybenchGpu/HIP/ADI/adi.hip.cpp:227:2: warning: ignoring return value of type 'hipError_t' declared with 'nodiscard' attribute [-Wunused-value]
  227 |         hipMalloc(&X_gpu, N * N * sizeof(DATA_TYPE));
      |         ^~~~~~~~~~~~~~~~~~~~~~~~~~~~~~~~~~~~~~~~~~~~
/root/polybenchGpu/HIP/ADI/adi.hip.cpp:228:2: warning: ignoring return value of type 'hipError_t' declared with 'nodiscard' attribute [-Wunused-value]
  228 |         hipMemcpy(A_gpu, A, N * N * sizeof(DATA_TYPE), hipMemcpyHostToDevice);
      |         ^~~~~~~~~~~~~~~~~~~~~~~~~~~~~~~~~~~~~~~~~~~~~~~~~~~~~~~~~~~~~~~~~~~~~
/root/polybenchGpu/HIP/ADI/adi.hip.cpp:229:2: warning: ignoring return value of type 'hipError_t' declared with 'nodiscard' attribute [-Wunused-value]
  229 |         hipMemcpy(B_gpu, B, N * N * sizeof(DATA_TYPE), hipMemcpyHostToDevice);
      |         ^~~~~~~~~~~~~~~~~~~~~~~~~~~~~~~~~~~~~~~~~~~~~~~~~~~~~~~~~~~~~~~~~~~~~
/root/polybenchGpu/HIP/ADI/adi.hip.cpp:230:2: warning: ignoring return value of type 'hipError_t' declared with 'nodiscard' attribute [-Wunused-value]
  230 |         hipMemcpy(X_gpu, X, N * N * sizeof(DATA_TYPE), hipMemcpyHostToDevice);
      |         ^~~~~~~~~~~~~~~~~~~~~~~~~~~~~~~~~~~~~~~~~~~~~~~~~~~~~~~~~~~~~~~~~~~~~
/root/polybenchGpu/HIP/ADI/adi.hip.cpp:243:3: warning: ignoring return value of type 'hipError_t' declared with 'nodiscard' attribute [-Wunused-value]
  243 |                 hipDeviceSynchronize();
      |                 ^~~~~~~~~~~~~~~~~~~~~~
/root/polybenchGpu/HIP/ADI/adi.hip.cpp:245:3: warning: ignoring return value of type 'hipError_t' declared with 'nodiscard' attribute [-Wunused-value]
  245 |                 hipDeviceSynchronize();
      |                 ^~~~~~~~~~~~~~~~~~~~~~
/root/polybenchGpu/HIP/ADI/adi.hip.cpp:247:3: warning: ignoring return value of type 'hipError_t' declared with 'nodiscard' attribute [-Wunused-value]
  247 |                 hipDeviceSynchronize();
      |                 ^~~~~~~~~~~~~~~~~~~~~~
/root/polybenchGpu/HIP/ADI/adi.hip.cpp:252:4: warning: ignoring return value of type 'hipError_t' declared with 'nodiscard' attribute [-Wunused-value]
  252 |                         hipDeviceSynchronize();
      |                         ^~~~~~~~~~~~~~~~~~~~~~
/root/polybenchGpu/HIP/ADI/adi.hip.cpp:256:3: warning: ignoring return value of type 'hipError_t' declared with 'nodiscard' attribute [-Wunused-value]
  256 |                 hipDeviceSynchronize();
      |                 ^~~~~~~~~~~~~~~~~~~~~~
/root/polybenchGpu/HIP/ADI/adi.hip.cpp:261:4: warning: ignoring return value of type 'hipError_t' declared with 'nodiscard' attribute [-Wunused-value]
  261 |                         hipDeviceSynchronize();
      |                         ^~~~~~~~~~~~~~~~~~~~~~
/root/polybenchGpu/HIP/ADI/adi.hip.cpp:270:2: warning: ignoring return value of type 'hipError_t' declared with 'nodiscard' attribute [-Wunused-value]
  270 |         hipMemcpy(B_outputFromGpu, B_gpu, N * N * sizeof(DATA_TYPE), hipMemcpyDeviceToHost);
      |         ^~~~~~~~~~~~~~~~~~~~~~~~~~~~~~~~~~~~~~~~~~~~~~~~~~~~~~~~~~~~~~~~~~~~~~~~~~~~~~~~~~~
/root/polybenchGpu/HIP/ADI/adi.hip.cpp:271:2: warning: ignoring return value of type 'hipError_t' declared with 'nodiscard' attribute [-Wunused-value]
  271 |         hipMemcpy(X_outputFromGpu, X_gpu, N * N * sizeof(DATA_TYPE), hipMemcpyDeviceToHost);
      |         ^~~~~~~~~~~~~~~~~~~~~~~~~~~~~~~~~~~~~~~~~~~~~~~~~~~~~~~~~~~~~~~~~~~~~~~~~~~~~~~~~~~
/root/polybenchGpu/HIP/ADI/adi.hip.cpp:273:2: warning: ignoring return value of type 'hipError_t' declared with 'nodiscard' attribute [-Wunused-value]
  273 |         hipFree(A_gpu);
      |         ^~~~~~~~~~~~~~
/root/polybenchGpu/HIP/ADI/adi.hip.cpp:274:2: warning: ignoring return value of type 'hipError_t' declared with 'nodiscard' attribute [-Wunused-value]
  274 |         hipFree(B_gpu);
      |         ^~~~~~~~~~~~~~
/root/polybenchGpu/HIP/ADI/adi.hip.cpp:275:2: warning: ignoring return value of type 'hipError_t' declared with 'nodiscard' attribute [-Wunused-value]
  275 |         hipFree(X_gpu);
      |         ^~~~~~~~~~~~~~
19 warnings generated when compiling for gfx942.
/root/polybenchGpu/HIP/ADI/adi.hip.cpp:138:2: warning: ignoring return value of type 'hipError_t' declared with 'nodiscard' attribute [-Wunused-value]
  138 |         hipGetDeviceProperties(&deviceProp, GPU_DEVICE);
      |         ^~~~~~~~~~~~~~~~~~~~~~~~~~~~~~~~~~~~~~~~~~~~~~~
/opt/rocm-7.0.2/include/hip/hip_runtime_api.h:102:32: note: expanded from macro 'hipGetDeviceProperties'
  102 | #define hipGetDeviceProperties hipGetDevicePropertiesR0600
      |                                ^
/root/polybenchGpu/HIP/ADI/adi.hip.cpp:140:2: warning: ignoring return value of type 'hipError_t' declared with 'nodiscard' attribute [-Wunused-value]
  140 |         hipSetDevice( GPU_DEVICE );
      |         ^~~~~~~~~~~~~~~~~~~~~~~~~~
/root/polybenchGpu/HIP/ADI/adi.hip.cpp:225:2: warning: ignoring return value of type 'hipError_t' declared with 'nodiscard' attribute [-Wunused-value]
  225 |         hipMalloc(&A_gpu, N * N * sizeof(DATA_TYPE));
      |         ^~~~~~~~~~~~~~~~~~~~~~~~~~~~~~~~~~~~~~~~~~~~
/root/polybenchGpu/HIP/ADI/adi.hip.cpp:226:2: warning: ignoring return value of type 'hipError_t' declared with 'nodiscard' attribute [-Wunused-value]
  226 |         hipMalloc(&B_gpu, N * N * sizeof(DATA_TYPE));
      |         ^~~~~~~~~~~~~~~~~~~~~~~~~~~~~~~~~~~~~~~~~~~~
/root/polybenchGpu/HIP/ADI/adi.hip.cpp:227:2: warning: ignoring return value of type 'hipError_t' declared with 'nodiscard' attribute [-Wunused-value]
  227 |         hipMalloc(&X_gpu, N * N * sizeof(DATA_TYPE));
      |         ^~~~~~~~~~~~~~~~~~~~~~~~~~~~~~~~~~~~~~~~~~~~
/root/polybenchGpu/HIP/ADI/adi.hip.cpp:228:2: warning: ignoring return value of type 'hipError_t' declared with 'nodiscard' attribute [-Wunused-value]
  228 |         hipMemcpy(A_gpu, A, N * N * sizeof(DATA_TYPE), hipMemcpyHostToDevice);
      |         ^~~~~~~~~~~~~~~~~~~~~~~~~~~~~~~~~~~~~~~~~~~~~~~~~~~~~~~~~~~~~~~~~~~~~
/root/polybenchGpu/HIP/ADI/adi.hip.cpp:229:2: warning: ignoring return value of type 'hipError_t' declared with 'nodiscard' attribute [-Wunused-value]
  229 |         hipMemcpy(B_gpu, B, N * N * sizeof(DATA_TYPE), hipMemcpyHostToDevice);
      |         ^~~~~~~~~~~~~~~~~~~~~~~~~~~~~~~~~~~~~~~~~~~~~~~~~~~~~~~~~~~~~~~~~~~~~
/root/polybenchGpu/HIP/ADI/adi.hip.cpp:230:2: warning: ignoring return value of type 'hipError_t' declared with 'nodiscard' attribute [-Wunused-value]
  230 |         hipMemcpy(X_gpu, X, N * N * sizeof(DATA_TYPE), hipMemcpyHostToDevice);
      |         ^~~~~~~~~~~~~~~~~~~~~~~~~~~~~~~~~~~~~~~~~~~~~~~~~~~~~~~~~~~~~~~~~~~~~
/root/polybenchGpu/HIP/ADI/adi.hip.cpp:243:3: warning: ignoring return value of type 'hipError_t' declared with 'nodiscard' attribute [-Wunused-value]
  243 |                 hipDeviceSynchronize();
      |                 ^~~~~~~~~~~~~~~~~~~~~~
/root/polybenchGpu/HIP/ADI/adi.hip.cpp:245:3: warning: ignoring return value of type 'hipError_t' declared with 'nodiscard' attribute [-Wunused-value]
  245 |                 hipDeviceSynchronize();
      |                 ^~~~~~~~~~~~~~~~~~~~~~
/root/polybenchGpu/HIP/ADI/adi.hip.cpp:247:3: warning: ignoring return value of type 'hipError_t' declared with 'nodiscard' attribute [-Wunused-value]
  247 |                 hipDeviceSynchronize();
      |                 ^~~~~~~~~~~~~~~~~~~~~~
/root/polybenchGpu/HIP/ADI/adi.hip.cpp:252:4: warning: ignoring return value of type 'hipError_t' declared with 'nodiscard' attribute [-Wunused-value]
  252 |                         hipDeviceSynchronize();
      |                         ^~~~~~~~~~~~~~~~~~~~~~
/root/polybenchGpu/HIP/ADI/adi.hip.cpp:256:3: warning: ignoring return value of type 'hipError_t' declared with 'nodiscard' attribute [-Wunused-value]
  256 |                 hipDeviceSynchronize();
      |                 ^~~~~~~~~~~~~~~~~~~~~~
/root/polybenchGpu/HIP/ADI/adi.hip.cpp:261:4: warning: ignoring return value of type 'hipError_t' declared with 'nodiscard' attribute [-Wunused-value]
  261 |                         hipDeviceSynchronize();
      |                         ^~~~~~~~~~~~~~~~~~~~~~
/root/polybenchGpu/HIP/ADI/adi.hip.cpp:270:2: warning: ignoring return value of type 'hipError_t' declared with 'nodiscard' attribute [-Wunused-value]
  270 |         hipMemcpy(B_outputFromGpu, B_gpu, N * N * sizeof(DATA_TYPE), hipMemcpyDeviceToHost);
      |         ^~~~~~~~~~~~~~~~~~~~~~~~~~~~~~~~~~~~~~~~~~~~~~~~~~~~~~~~~~~~~~~~~~~~~~~~~~~~~~~~~~~
/root/polybenchGpu/HIP/ADI/adi.hip.cpp:271:2: warning: ignoring return value of type 'hipError_t' declared with 'nodiscard' attribute [-Wunused-value]
  271 |         hipMemcpy(X_outputFromGpu, X_gpu, N * N * sizeof(DATA_TYPE), hipMemcpyDeviceToHost);
      |         ^~~~~~~~~~~~~~~~~~~~~~~~~~~~~~~~~~~~~~~~~~~~~~~~~~~~~~~~~~~~~~~~~~~~~~~~~~~~~~~~~~~
/root/polybenchGpu/HIP/ADI/adi.hip.cpp:273:2: warning: ignoring return value of type 'hipError_t' declared with 'nodiscard' attribute [-Wunused-value]
  273 |         hipFree(A_gpu);
      |         ^~~~~~~~~~~~~~
/root/polybenchGpu/HIP/ADI/adi.hip.cpp:274:2: warning: ignoring return value of type 'hipError_t' declared with 'nodiscard' attribute [-Wunused-value]
  274 |         hipFree(B_gpu);
      |         ^~~~~~~~~~~~~~
/root/polybenchGpu/HIP/ADI/adi.hip.cpp:275:2: warning: ignoring return value of type 'hipError_t' declared with 'nodiscard' attribute [-Wunused-value]
  275 |         hipFree(X_gpu);
      |         ^~~~~~~~~~~~~~
19 warnings generated when compiling for host.
