ptxas info    : 0 bytes gmem
ptxas info    : Compiling entry function '_Z11mm2_kernel2iiiiffPfS_S___noalias' for 'sm_86'
ptxas info    : Function properties for _Z11mm2_kernel2iiiiffPfS_S___noalias
    0 bytes stack frame, 0 bytes spill stores, 0 bytes spill loads
ptxas info    : Used 40 registers, used 0 barriers, 400 bytes cmem[0]
ptxas info    : Compile time = 7.219 ms
ptxas info    : Compiling entry function '_Z11mm2_kernel2iiiiffPfS_S_' for 'sm_86'
ptxas info    : Function properties for _Z11mm2_kernel2iiiiffPfS_S_
    0 bytes stack frame, 0 bytes spill stores, 0 bytes spill loads
ptxas info    : Used 26 registers, used 0 barriers, 400 bytes cmem[0]
ptxas info    : Compile time = 7.067 ms
ptxas info    : Compiling entry function '_Z11mm2_kernel1iiiiffPfS_S___noalias' for 'sm_86'
ptxas info    : Function properties for _Z11mm2_kernel1iiiiffPfS_S___noalias
    0 bytes stack frame, 0 bytes spill stores, 0 bytes spill loads
ptxas info    : Used 40 registers, used 0 barriers, 400 bytes cmem[0]
ptxas info    : Compile time = 6.491 ms
ptxas info    : Compiling entry function '_Z11mm2_kernel1iiiiffPfS_S_' for 'sm_86'
ptxas info    : Function properties for _Z11mm2_kernel1iiiiffPfS_S_
    0 bytes stack frame, 0 bytes spill stores, 0 bytes spill loads
ptxas info    : Used 24 registers, used 0 barriers, 400 bytes cmem[0]
ptxas info    : Compile time = 6.970 ms
