
	code for sm_86
		Function : _Z20convolution3D_kerneliiiPfS_i__noalias
	.headerflags	@"EF_CUDA_TEXMODE_UNIFIED EF_CUDA_64BIT_ADDRESS EF_CUDA_SM86 EF_CUDA_VIRTUAL_SM(EF_CUDA_SM86)"
        /*0000*/                   IMAD.MOV.U32 R1, RZ, RZ, c[0x0][0x28] ;              /* 0x00000a00ff017624 */
                                                                                        /* 0x000fe400078e00ff */
        /*0010*/                   S2R R2, SR_CTAID.Y ;                                 /* 0x0000000000027919 */
                                                                                        /* 0x000e220000002600 */
        /*0020*/                   MOV R4, 0x1 ;                                        /* 0x0000000100047802 */
                                                                                        /* 0x000fc60000000f00 */
        /*0030*/                   S2R R3, SR_TID.Y ;                                   /* 0x0000000000037919 */
                                                                                        /* 0x000e220000002200 */
        /*0040*/                   IADD3 R6, -R4, c[0x0][0x160], RZ ;                   /* 0x0000580004067a10 */
                                                                                        /* 0x000fc60007ffe1ff */
        /*0050*/                   S2R R0, SR_CTAID.X ;                                 /* 0x0000000000007919 */
                                                                                        /* 0x000e680000002500 */
        /*0060*/                   S2R R5, SR_TID.X ;                                   /* 0x0000000000057919 */
                                                                                        /* 0x000e620000002100 */
        /*0070*/                   IMAD R2, R2, c[0x0][0x4], R3 ;                       /* 0x0000010002027a24 */
                                                                                        /* 0x001fe200078e0203 */
        /*0080*/                   IADD3 R3, -R4, c[0x0][0x164], RZ ;                   /* 0x0000590004037a10 */
                                                                                        /* 0x000fc80007ffe1ff */
        /*0090*/                   ISETP.GE.AND P0, PT, R2, R3, PT ;                    /* 0x000000030200720c */
                                                                                        /* 0x000fe40003f06270 */
        /*00a0*/                   IADD3 R3, -R4, c[0x0][0x168], RZ ;                   /* 0x00005a0004037a10 */
                                                                                        /* 0x000fe20007ffe1ff */
        /*00b0*/                   IMAD R0, R0, c[0x0][0x0], R5 ;                       /* 0x0000000000007a24 */
                                                                                        /* 0x002fe200078e0205 */
        /*00c0*/                   ISETP.LE.OR P0, PT, R6, c[0x0][0x180], P0 ;          /* 0x0000600006007a0c */
                                                                                        /* 0x000fe20000703670 */
        /*00d0*/                   IMAD.MOV.U32 R4, RZ, RZ, 0x1 ;                       /* 0x00000001ff047424 */
                                                                                        /* 0x000fc600078e00ff */
        /*00e0*/                   ISETP.GE.OR P0, PT, R0, R3, P0 ;                     /* 0x000000030000720c */
                                                                                        /* 0x000fc80000706670 */
        /*00f0*/                   ISETP.GT.OR P0, PT, R4, c[0x0][0x180], P0 ;          /* 0x0000600004007a0c */
                                                                                        /* 0x000fc80000704670 */
        /*0100*/                   ISETP.EQ.U32.OR P0, PT, R2, RZ, P0 ;                 /* 0x000000ff0200720c */
                                                                                        /* 0x000fc80000702470 */
        /*0110*/                   ISETP.LT.OR P0, PT, R0, 0x1, P0 ;                    /* 0x000000010000780c */
                                                                                        /* 0x000fda0000701670 */
        /*0120*/               @P0 EXIT ;                                               /* 0x000000000000094d */
                                                                                        /* 0x000fea0003800000 */
        /*0130*/                   MOV R5, c[0x0][0x180] ;                              /* 0x0000600000057a02 */
                                                                                        /* 0x000fe20000000f00 */
        /*0140*/                   ULDC.64 UR4, c[0x0][0x118] ;                         /* 0x0000460000047ab9 */
                                                                                        /* 0x000fe20000000a00 */
        /*0150*/                   SHF.R.S32.HI R4, RZ, 0x1f, R0 ;                      /* 0x0000001fff047819 */
                                                                                        /* 0x000fc60000011400 */
        /*0160*/                   IMAD R5, R5, 0x100, R2 ;                             /* 0x0000010005057824 */
                                                                                        /* 0x000fca00078e0202 */
        /*0170*/                   SHF.L.U32 R5, R5, 0x8, RZ ;                          /* 0x0000000805057819 */
                                                                                        /* 0x000fc800000006ff */
        /*0180*/                   IADD3 R7, R5.reuse, 0xff00, RZ ;                     /* 0x0000ff0005077810 */
                                                                                        /* 0x040fe40007ffe0ff */
        /*0190*/                   IADD3 R3, R5, -0x10100, RZ ;                         /* 0xfffeff0005037810 */
                                                                                        /* 0x000fe40007ffe0ff */
        /*01a0*/                   IADD3 R6, P0, R0.reuse, R7, RZ ;                     /* 0x0000000700067210 */
                                                                                        /* 0x040fe40007f1e0ff */
        /*01b0*/                   IADD3 R8, P1, R0, R3, RZ ;                           /* 0x0000000300087210 */
                                                                                        /* 0x000fe40007f3e0ff */
        /*01c0*/                   LEA.HI.X.SX32 R7, R7, R4, 0x1, P0 ;                  /* 0x0000000407077211 */
                                                                                        /* 0x000fe400000f0eff */
        /*01d0*/                   LEA R2, P0, R6, c[0x0][0x170], 0x2 ;                 /* 0x00005c0006027a11 */
                                                                                        /* 0x000fc400078010ff */
        /*01e0*/                   LEA.HI.X.SX32 R9, R3, R4, 0x1, P1 ;                  /* 0x0000000403097211 */
                                                                                        /* 0x000fe400008f0eff */
        /*01f0*/                   LEA R10, P1, R8, c[0x0][0x170], 0x2 ;                /* 0x00005c00080a7a11 */
                                                                                        /* 0x000fe400078210ff */
        /*0200*/                   LEA.HI.X R3, R6, c[0x0][0x174], R7, 0x2, P0 ;        /* 0x00005d0006037a11 */
                                                                                        /* 0x000fe400000f1407 */
        /*0210*/                   LEA.HI.X R11, R8, c[0x0][0x174], R9, 0x2, P1 ;       /* 0x00005d00080b7a11 */
                                                                                        /* 0x000fc600008f1409 */
        /*0220*/                   LDG.E.CONSTANT R4, [R2.64+-0x4] ;                    /* 0xfffffc0402047981 */
                                                                                        /* 0x0000a8000c1e9900 */
        /*0230*/                   LDG.E.CONSTANT R6, [R10.64+-0x4] ;                   /* 0xfffffc040a067981 */
                                                                                        /* 0x0004e2000c1e9900 */
        /*0240*/                   IADD3 R23, R0, -0x100, R5 ;                          /* 0xffffff0000177810 */
                                                                                        /* 0x000fe20007ffe005 */
        /*0250*/                   IMAD.MOV.U32 R0, RZ, RZ, 0x4 ;                       /* 0x00000004ff007424 */
                                                                                        /* 0x000fe400078e00ff */
        /*0260*/                   LDG.E.CONSTANT R25, [R10.64+0x4] ;                   /* 0x000004040a197981 */
                                                                                        /* 0x000522000c1e9900 */
        /*0270*/                   IADD3 R5, R23.reuse, 0x100, RZ ;                     /* 0x0000010017057810 */
                                                                                        /* 0x040fe20007ffe0ff */
        /*0280*/                   IMAD.WIDE R12, R23.reuse, R0.reuse, c[0x0][0x170] ;  /* 0x00005c00170c7625 */
                                                                                        /* 0x0c0fe200078e0200 */
        /*0290*/                   IADD3 R17, R23, 0x200, RZ ;                          /* 0x0000020017117810 */
                                                                                        /* 0x000fe20007ffe0ff */
        /*02a0*/                   LDG.E.CONSTANT R3, [R2.64+0x4] ;                     /* 0x0000040402037981 */
                                                                                        /* 0x001f64000c1e9900 */
        /*02b0*/                   IMAD.WIDE.U32 R14, R5, R0, c[0x0][0x170] ;           /* 0x00005c00050e7625 */
                                                                                        /* 0x000fc400078e0000 */
        /*02c0*/                   LDG.E.CONSTANT R7, [R12.64] ;                        /* 0x000000040c077981 */
                                                                                        /* 0x000124000c1e9900 */
        /*02d0*/                   IMAD.WIDE R16, R17, R0, c[0x0][0x170] ;              /* 0x00005c0011107625 */
                                                                                        /* 0x000fe400078e0200 */
        /*02e0*/                   LDG.E.CONSTANT R8, [R14.64] ;                        /* 0x000000040e087981 */
                                                                                        /* 0x000322000c1e9900 */
        /*02f0*/                   IADD3 R19, R23, -0xfeff, RZ ;                        /* 0xffff010117137810 */
                                                                                        /* 0x000fc60007ffe0ff */
        /*0300*/                   LDG.E.CONSTANT R9, [R16.64] ;                        /* 0x0000000410097981 */
                                                                                        /* 0x000f22000c1e9900 */
        /*0310*/                   IADD3 R21, R23, 0x10101, RZ ;                        /* 0x0001010117157810 */
                                                                                        /* 0x000fe20007ffe0ff */
        /*0320*/                   IMAD.WIDE R18, R19, R0, c[0x0][0x170] ;              /* 0x00005c0013127625 */
                                                                                        /* 0x000fe200078e0200 */
        /*0330*/                   IADD3 R27, R23, -0xfdff, RZ ;                        /* 0xffff0201171b7810 */
                                                                                        /* 0x000fc60007ffe0ff */
        /*0340*/                   IMAD.WIDE R20, R21, R0.reuse, c[0x0][0x170] ;        /* 0x00005c0015147625 */
                                                                                        /* 0x080fe200078e0200 */
        /*0350*/                   IADD3 R23, R23, 0x10201, RZ ;                        /* 0x0001020117177810 */
                                                                                        /* 0x000fe20007ffe0ff */
        /*0360*/                   LDG.E.CONSTANT R18, [R18.64] ;                       /* 0x0000000412127981 */
                                                                                        /* 0x000f64000c1e9900 */
        /*0370*/                   IMAD.WIDE R12, R27, R0.reuse, c[0x0][0x170] ;        /* 0x00005c001b0c7625 */
                                                                                        /* 0x081fe400078e0200 */
        /*0380*/                   LDG.E.CONSTANT R20, [R20.64] ;                       /* 0x0000000414147981 */
                                                                                        /* 0x000f64000c1e9900 */
        /*0390*/                   IMAD.WIDE R14, R23, R0, c[0x0][0x170] ;              /* 0x00005c00170e7625 */
                                                                                        /* 0x002fe400078e0200 */
        /*03a0*/                   LDG.E.CONSTANT R12, [R12.64] ;                       /* 0x000000040c0c7981 */
                                                                                        /* 0x000f68000c1e9900 */
        /*03b0*/                   LDG.E.CONSTANT R15, [R14.64] ;                       /* 0x000000040e0f7981 */
                                                                                        /* 0x000f62000c1e9900 */
        /*03c0*/                   FMUL R11, R4, 4 ;                                    /* 0x40800000040b7820 */
                                                                                        /* 0x004fc80000400000 */
        /*03d0*/                   FFMA R11, R6, 2, R11 ;                               /* 0x40000000060b7823 */
                                                                                        /* 0x008fc8000000000b */
        /*03e0*/                   FFMA R11, R6, 5, R11 ;                               /* 0x40a00000060b7823 */
                                                                                        /* 0x000fc8000000000b */
        /*03f0*/                   FFMA R11, R4, 7, R11 ;                               /* 0x40e00000040b7823 */
                                                                                        /* 0x000fc8000000000b */
        /*0400*/                   FFMA R11, R6, -8, R11 ;                              /* 0xc1000000060b7823 */
                                                                                        /* 0x000fc8000000000b */
        /*0410*/                   FFMA R4, R4, 10, R11 ;                               /* 0x4120000004047823 */
                                                                                        /* 0x000fc8000000000b */
        /*0420*/                   FFMA R7, R7, -3, R4 ;                                /* 0xc040000007077823 */
                                                                                        /* 0x010fc80000000004 */
        /*0430*/                   FFMA R8, R8, 6, R7 ;                                 /* 0x40c0000008087823 */
                                                                                        /* 0x000fc80000000007 */
        /*0440*/                   FFMA R8, R9, -9, R8 ;                                /* 0xc110000009087823 */
                                                                                        /* 0x000fc80000000008 */
        /*0450*/                   FFMA R8, R25, 2, R8 ;                                /* 0x4000000019087823 */
                                                                                        /* 0x000fc80000000008 */
        /*0460*/                   FFMA R3, R3, 4, R8 ;                                 /* 0x4080000003037823 */
                                                                                        /* 0x020fc80000000008 */
        /*0470*/                   FFMA R3, R18, 5, R3 ;                                /* 0x40a0000012037823 */
                                                                                        /* 0x000fc80000000003 */
        /*0480*/                   FFMA R3, R20, 7, R3 ;                                /* 0x40e0000014037823 */
                                                                                        /* 0x000fc80000000003 */
        /*0490*/                   FFMA R12, R12, -8, R3 ;                              /* 0xc10000000c0c7823 */
                                                                                        /* 0x000fe20000000003 */
        /*04a0*/                   IMAD.WIDE.U32 R2, R5, R0, c[0x0][0x178] ;            /* 0x00005e0005027625 */
                                                                                        /* 0x000fc600078e0000 */
        /*04b0*/                   FFMA R15, R15, 10, R12 ;                             /* 0x412000000f0f7823 */
                                                                                        /* 0x000fca000000000c */
        /*04c0*/                   STG.E [R2.64], R15 ;                                 /* 0x0000000f02007986 */
                                                                                        /* 0x000fe2000c101904 */
        /*04d0*/                   EXIT ;                                               /* 0x000000000000794d */
                                                                                        /* 0x000fea0003800000 */
        /*04e0*/                   BRA 0x4e0;                                           /* 0xfffffff000007947 */
                                                                                        /* 0x000fc0000383ffff */
        /*04f0*/                   NOP;                                                 /* 0x0000000000007918 */
                                                                                        /* 0x000fc00000000000 */
        /*0500*/                   NOP;                                                 /* 0x0000000000007918 */
                                                                                        /* 0x000fc00000000000 */
        /*0510*/                   NOP;                                                 /* 0x0000000000007918 */
                                                                                        /* 0x000fc00000000000 */
        /*0520*/                   NOP;                                                 /* 0x0000000000007918 */
                                                                                        /* 0x000fc00000000000 */
        /*0530*/                   NOP;                                                 /* 0x0000000000007918 */
                                                                                        /* 0x000fc00000000000 */
        /*0540*/                   NOP;                                                 /* 0x0000000000007918 */
                                                                                        /* 0x000fc00000000000 */
        /*0550*/                   NOP;                                                 /* 0x0000000000007918 */
                                                                                        /* 0x000fc00000000000 */
        /*0560*/                   NOP;                                                 /* 0x0000000000007918 */
                                                                                        /* 0x000fc00000000000 */
        /*0570*/                   NOP;                                                 /* 0x0000000000007918 */
                                                                                        /* 0x000fc00000000000 */
		..........


		Function : _Z20convolution3D_kerneliiiPfS_i
	.headerflags	@"EF_CUDA_TEXMODE_UNIFIED EF_CUDA_64BIT_ADDRESS EF_CUDA_SM86 EF_CUDA_VIRTUAL_SM(EF_CUDA_SM86)"
        /*0000*/                   IMAD.MOV.U32 R1, RZ, RZ, c[0x0][0x28] ;              /* 0x00000a00ff017624 */
                                                                                        /* 0x000fe400078e00ff */
        /*0010*/                   S2R R2, SR_CTAID.Y ;                                 /* 0x0000000000027919 */
                                                                                        /* 0x000e220000002600 */
        /*0020*/                   MOV R4, 0x1 ;                                        /* 0x0000000100047802 */
                                                                                        /* 0x000fc60000000f00 */
        /*0030*/                   S2R R3, SR_TID.Y ;                                   /* 0x0000000000037919 */
                                                                                        /* 0x000e220000002200 */
        /*0040*/                   IADD3 R6, -R4, c[0x0][0x160], RZ ;                   /* 0x0000580004067a10 */
                                                                                        /* 0x000fc60007ffe1ff */
        /*0050*/                   S2R R0, SR_CTAID.X ;                                 /* 0x0000000000007919 */
                                                                                        /* 0x000e680000002500 */
        /*0060*/                   S2R R5, SR_TID.X ;                                   /* 0x0000000000057919 */
                                                                                        /* 0x000e620000002100 */
        /*0070*/                   IMAD R2, R2, c[0x0][0x4], R3 ;                       /* 0x0000010002027a24 */
                                                                                        /* 0x001fe200078e0203 */
        /*0080*/                   IADD3 R3, -R4, c[0x0][0x164], RZ ;                   /* 0x0000590004037a10 */
                                                                                        /* 0x000fc80007ffe1ff */
        /*0090*/                   ISETP.GE.AND P0, PT, R2, R3, PT ;                    /* 0x000000030200720c */
                                                                                        /* 0x000fe40003f06270 */
        /*00a0*/                   IADD3 R3, -R4, c[0x0][0x168], RZ ;                   /* 0x00005a0004037a10 */
                                                                                        /* 0x000fe20007ffe1ff */
        /*00b0*/                   IMAD R0, R0, c[0x0][0x0], R5 ;                       /* 0x0000000000007a24 */
                                                                                        /* 0x002fe200078e0205 */
        /*00c0*/                   ISETP.LE.OR P0, PT, R6, c[0x0][0x180], P0 ;          /* 0x0000600006007a0c */
                                                                                        /* 0x000fe20000703670 */
        /*00d0*/                   IMAD.MOV.U32 R4, RZ, RZ, 0x1 ;                       /* 0x00000001ff047424 */
                                                                                        /* 0x000fc600078e00ff */
        /*00e0*/                   ISETP.GE.OR P0, PT, R0, R3, P0 ;                     /* 0x000000030000720c */
                                                                                        /* 0x000fc80000706670 */
        /*00f0*/                   ISETP.GT.OR P0, PT, R4, c[0x0][0x180], P0 ;          /* 0x0000600004007a0c */
                                                                                        /* 0x000fc80000704670 */
        /*0100*/                   ISETP.EQ.U32.OR P0, PT, R2, RZ, P0 ;                 /* 0x000000ff0200720c */
                                                                                        /* 0x000fc80000702470 */
        /*0110*/                   ISETP.LT.OR P0, PT, R0, 0x1, P0 ;                    /* 0x000000010000780c */
                                                                                        /* 0x000fda0000701670 */
        /*0120*/               @P0 EXIT ;                                               /* 0x000000000000094d */
                                                                                        /* 0x000fea0003800000 */
        /*0130*/                   MOV R5, c[0x0][0x180] ;                              /* 0x0000600000057a02 */
                                                                                        /* 0x000fe20000000f00 */
        /*0140*/                   ULDC.64 UR4, c[0x0][0x118] ;                         /* 0x0000460000047ab9 */
                                                                                        /* 0x000fe20000000a00 */
        /*0150*/                   SHF.R.S32.HI R4, RZ, 0x1f, R0 ;                      /* 0x0000001fff047819 */
                                                                                        /* 0x000fc60000011400 */
        /*0160*/                   IMAD R5, R5, 0x100, R2 ;                             /* 0x0000010005057824 */
                                                                                        /* 0x000fca00078e0202 */
        /*0170*/                   SHF.L.U32 R5, R5, 0x8, RZ ;                          /* 0x0000000805057819 */
                                                                                        /* 0x000fc800000006ff */
        /*0180*/                   IADD3 R7, R5.reuse, 0xff00, RZ ;                     /* 0x0000ff0005077810 */
                                                                                        /* 0x040fe40007ffe0ff */
        /*0190*/                   IADD3 R3, R5, -0x10100, RZ ;                         /* 0xfffeff0005037810 */
                                                                                        /* 0x000fe40007ffe0ff */
        /*01a0*/                   IADD3 R6, P0, R0.reuse, R7, RZ ;                     /* 0x0000000700067210 */
                                                                                        /* 0x040fe40007f1e0ff */
        /*01b0*/                   IADD3 R8, P1, R0, R3, RZ ;                           /* 0x0000000300087210 */
                                                                                        /* 0x000fe40007f3e0ff */
        /*01c0*/                   LEA.HI.X.SX32 R7, R7, R4, 0x1, P0 ;                  /* 0x0000000407077211 */
                                                                                        /* 0x000fe400000f0eff */
        /*01d0*/                   LEA R2, P0, R6, c[0x0][0x170], 0x2 ;                 /* 0x00005c0006027a11 */
                                                                                        /* 0x000fc400078010ff */
        /*01e0*/                   LEA.HI.X.SX32 R9, R3, R4, 0x1, P1 ;                  /* 0x0000000403097211 */
                                                                                        /* 0x000fe400008f0eff */
        /*01f0*/                   LEA R10, P1, R8, c[0x0][0x170], 0x2 ;                /* 0x00005c00080a7a11 */
                                                                                        /* 0x000fe400078210ff */
        /*0200*/                   LEA.HI.X R3, R6, c[0x0][0x174], R7, 0x2, P0 ;        /* 0x00005d0006037a11 */
                                                                                        /* 0x000fe400000f1407 */
        /*0210*/                   LEA.HI.X R11, R8, c[0x0][0x174], R9, 0x2, P1 ;       /* 0x00005d00080b7a11 */
                                                                                        /* 0x000fc600008f1409 */
        /*0220*/                   LDG.E R4, [R2.64+-0x4] ;                             /* 0xfffffc0402047981 */
                                                                                        /* 0x0000a8000c1e1900 */
        /*0230*/                   LDG.E R6, [R10.64+-0x4] ;                            /* 0xfffffc040a067981 */
                                                                                        /* 0x0004e2000c1e1900 */
        /*0240*/                   IADD3 R23, R0, -0x100, R5 ;                          /* 0xffffff0000177810 */
                                                                                        /* 0x000fe20007ffe005 */
        /*0250*/                   IMAD.MOV.U32 R0, RZ, RZ, 0x4 ;                       /* 0x00000004ff007424 */
                                                                                        /* 0x000fe400078e00ff */
        /*0260*/                   LDG.E R25, [R10.64+0x4] ;                            /* 0x000004040a197981 */
                                                                                        /* 0x000522000c1e1900 */
        /*0270*/                   IADD3 R5, R23.reuse, 0x100, RZ ;                     /* 0x0000010017057810 */
                                                                                        /* 0x040fe20007ffe0ff */
        /*0280*/                   IMAD.WIDE R12, R23.reuse, R0.reuse, c[0x0][0x170] ;  /* 0x00005c00170c7625 */
                                                                                        /* 0x0c0fe200078e0200 */
        /*0290*/                   IADD3 R17, R23, 0x200, RZ ;                          /* 0x0000020017117810 */
                                                                                        /* 0x000fe20007ffe0ff */
        /*02a0*/                   LDG.E R3, [R2.64+0x4] ;                              /* 0x0000040402037981 */
                                                                                        /* 0x001f64000c1e1900 */
        /*02b0*/                   IMAD.WIDE.U32 R14, R5, R0, c[0x0][0x170] ;           /* 0x00005c00050e7625 */
                                                                                        /* 0x000fc400078e0000 */
        /*02c0*/                   LDG.E R7, [R12.64] ;                                 /* 0x000000040c077981 */
                                                                                        /* 0x000124000c1e1900 */
        /*02d0*/                   IMAD.WIDE R16, R17, R0, c[0x0][0x170] ;              /* 0x00005c0011107625 */
                                                                                        /* 0x000fe400078e0200 */
        /*02e0*/                   LDG.E R8, [R14.64] ;                                 /* 0x000000040e087981 */
                                                                                        /* 0x000322000c1e1900 */
        /*02f0*/                   IADD3 R19, R23, -0xfeff, RZ ;                        /* 0xffff010117137810 */
                                                                                        /* 0x000fc60007ffe0ff */
        /*0300*/                   LDG.E R9, [R16.64] ;                                 /* 0x0000000410097981 */
                                                                                        /* 0x000f22000c1e1900 */
        /*0310*/                   IADD3 R21, R23, 0x10101, RZ ;                        /* 0x0001010117157810 */
                                                                                        /* 0x000fe20007ffe0ff */
        /*0320*/                   IMAD.WIDE R18, R19, R0, c[0x0][0x170] ;              /* 0x00005c0013127625 */
                                                                                        /* 0x000fe200078e0200 */
        /*0330*/                   IADD3 R27, R23, -0xfdff, RZ ;                        /* 0xffff0201171b7810 */
                                                                                        /* 0x000fc60007ffe0ff */
        /*0340*/                   IMAD.WIDE R20, R21, R0.reuse, c[0x0][0x170] ;        /* 0x00005c0015147625 */
                                                                                        /* 0x080fe200078e0200 */
        /*0350*/                   IADD3 R23, R23, 0x10201, RZ ;                        /* 0x0001020117177810 */
                                                                                        /* 0x000fe20007ffe0ff */
        /*0360*/                   LDG.E R18, [R18.64] ;                                /* 0x0000000412127981 */
                                                                                        /* 0x000f64000c1e1900 */
        /*0370*/                   IMAD.WIDE R12, R27, R0.reuse, c[0x0][0x170] ;        /* 0x00005c001b0c7625 */
                                                                                        /* 0x081fe400078e0200 */
        /*0380*/                   LDG.E R20, [R20.64] ;                                /* 0x0000000414147981 */
                                                                                        /* 0x000f64000c1e1900 */
        /*0390*/                   IMAD.WIDE R14, R23, R0, c[0x0][0x170] ;              /* 0x00005c00170e7625 */
                                                                                        /* 0x002fe400078e0200 */
        /*03a0*/                   LDG.E R12, [R12.64] ;                                /* 0x000000040c0c7981 */
                                                                                        /* 0x000f68000c1e1900 */
        /*03b0*/                   LDG.E R15, [R14.64] ;                                /* 0x000000040e0f7981 */
                                                                                        /* 0x000f62000c1e1900 */
        /*03c0*/                   FMUL R11, R4, 4 ;                                    /* 0x40800000040b7820 */
                                                                                        /* 0x004fc80000400000 */
        /*03d0*/                   FFMA R11, R6, 2, R11 ;                               /* 0x40000000060b7823 */
                                                                                        /* 0x008fc8000000000b */
        /*03e0*/                   FFMA R11, R6, 5, R11 ;                               /* 0x40a00000060b7823 */
                                                                                        /* 0x000fc8000000000b */
        /*03f0*/                   FFMA R11, R4, 7, R11 ;                               /* 0x40e00000040b7823 */
                                                                                        /* 0x000fc8000000000b */
        /*0400*/                   FFMA R11, R6, -8, R11 ;                              /* 0xc1000000060b7823 */
                                                                                        /* 0x000fc8000000000b */
        /*0410*/                   FFMA R4, R4, 10, R11 ;                               /* 0x4120000004047823 */
                                                                                        /* 0x000fc8000000000b */
        /*0420*/                   FFMA R7, R7, -3, R4 ;                                /* 0xc040000007077823 */
                                                                                        /* 0x010fc80000000004 */
        /*0430*/                   FFMA R8, R8, 6, R7 ;                                 /* 0x40c0000008087823 */
                                                                                        /* 0x000fc80000000007 */
        /*0440*/                   FFMA R8, R9, -9, R8 ;                                /* 0xc110000009087823 */
                                                                                        /* 0x000fc80000000008 */
        /*0450*/                   FFMA R8, R25, 2, R8 ;                                /* 0x4000000019087823 */
                                                                                        /* 0x000fc80000000008 */
        /*0460*/                   FFMA R3, R3, 4, R8 ;                                 /* 0x4080000003037823 */
                                                                                        /* 0x020fc80000000008 */
        /*0470*/                   FFMA R3, R18, 5, R3 ;                                /* 0x40a0000012037823 */
                                                                                        /* 0x000fc80000000003 */
        /*0480*/                   FFMA R3, R20, 7, R3 ;                                /* 0x40e0000014037823 */
                                                                                        /* 0x000fc80000000003 */
        /*0490*/                   FFMA R12, R12, -8, R3 ;                              /* 0xc10000000c0c7823 */
                                                                                        /* 0x000fe20000000003 */
        /*04a0*/                   IMAD.WIDE.U32 R2, R5, R0, c[0x0][0x178] ;            /* 0x00005e0005027625 */
                                                                                        /* 0x000fc600078e0000 */
        /*04b0*/                   FFMA R15, R15, 10, R12 ;                             /* 0x412000000f0f7823 */
                                                                                        /* 0x000fca000000000c */
        /*04c0*/                   STG.E [R2.64], R15 ;                                 /* 0x0000000f02007986 */
                                                                                        /* 0x000fe2000c101904 */
        /*04d0*/                   EXIT ;                                               /* 0x000000000000794d */
                                                                                        /* 0x000fea0003800000 */
        /*04e0*/                   BRA 0x4e0;                                           /* 0xfffffff000007947 */
                                                                                        /* 0x000fc0000383ffff */
        /*04f0*/                   NOP;                                                 /* 0x0000000000007918 */
                                                                                        /* 0x000fc00000000000 */
        /*0500*/                   NOP;                                                 /* 0x0000000000007918 */
                                                                                        /* 0x000fc00000000000 */
        /*0510*/                   NOP;                                                 /* 0x0000000000007918 */
                                                                                        /* 0x000fc00000000000 */
        /*0520*/                   NOP;                                                 /* 0x0000000000007918 */
                                                                                        /* 0x000fc00000000000 */
        /*0530*/                   NOP;                                                 /* 0x0000000000007918 */
                                                                                        /* 0x000fc00000000000 */
        /*0540*/                   NOP;                                                 /* 0x0000000000007918 */
                                                                                        /* 0x000fc00000000000 */
        /*0550*/                   NOP;                                                 /* 0x0000000000007918 */
                                                                                        /* 0x000fc00000000000 */
        /*0560*/                   NOP;                                                 /* 0x0000000000007918 */
                                                                                        /* 0x000fc00000000000 */
        /*0570*/                   NOP;                                                 /* 0x0000000000007918 */
                                                                                        /* 0x000fc00000000000 */
		..........


